Archive member included to satisfy reference by file (symbol)

/home/shay/a/ece362/Ac6/SystemWorkbench/plugins/fr.ac6.mcu.externaltools.arm-none.linux64_1.17.0.201812190825/tools/compiler/bin/../lib/gcc/arm-none-eabi/7.3.1/../../../../arm-none-eabi/lib/thumb/v6-m/libm.a(lib_a-s_sin.o)
                              src/wavetable.o (sin)
/home/shay/a/ece362/Ac6/SystemWorkbench/plugins/fr.ac6.mcu.externaltools.arm-none.linux64_1.17.0.201812190825/tools/compiler/bin/../lib/gcc/arm-none-eabi/7.3.1/../../../../arm-none-eabi/lib/thumb/v6-m/libm.a(lib_a-w_pow.o)
                              src/support.o (pow)
/home/shay/a/ece362/Ac6/SystemWorkbench/plugins/fr.ac6.mcu.externaltools.arm-none.linux64_1.17.0.201812190825/tools/compiler/bin/../lib/gcc/arm-none-eabi/7.3.1/../../../../arm-none-eabi/lib/thumb/v6-m/libm.a(lib_a-e_pow.o)
                              /home/shay/a/ece362/Ac6/SystemWorkbench/plugins/fr.ac6.mcu.externaltools.arm-none.linux64_1.17.0.201812190825/tools/compiler/bin/../lib/gcc/arm-none-eabi/7.3.1/../../../../arm-none-eabi/lib/thumb/v6-m/libm.a(lib_a-w_pow.o) (__ieee754_pow)
/home/shay/a/ece362/Ac6/SystemWorkbench/plugins/fr.ac6.mcu.externaltools.arm-none.linux64_1.17.0.201812190825/tools/compiler/bin/../lib/gcc/arm-none-eabi/7.3.1/../../../../arm-none-eabi/lib/thumb/v6-m/libm.a(lib_a-e_rem_pio2.o)
                              /home/shay/a/ece362/Ac6/SystemWorkbench/plugins/fr.ac6.mcu.externaltools.arm-none.linux64_1.17.0.201812190825/tools/compiler/bin/../lib/gcc/arm-none-eabi/7.3.1/../../../../arm-none-eabi/lib/thumb/v6-m/libm.a(lib_a-s_sin.o) (__ieee754_rem_pio2)
/home/shay/a/ece362/Ac6/SystemWorkbench/plugins/fr.ac6.mcu.externaltools.arm-none.linux64_1.17.0.201812190825/tools/compiler/bin/../lib/gcc/arm-none-eabi/7.3.1/../../../../arm-none-eabi/lib/thumb/v6-m/libm.a(lib_a-e_sqrt.o)
                              /home/shay/a/ece362/Ac6/SystemWorkbench/plugins/fr.ac6.mcu.externaltools.arm-none.linux64_1.17.0.201812190825/tools/compiler/bin/../lib/gcc/arm-none-eabi/7.3.1/../../../../arm-none-eabi/lib/thumb/v6-m/libm.a(lib_a-e_pow.o) (__ieee754_sqrt)
/home/shay/a/ece362/Ac6/SystemWorkbench/plugins/fr.ac6.mcu.externaltools.arm-none.linux64_1.17.0.201812190825/tools/compiler/bin/../lib/gcc/arm-none-eabi/7.3.1/../../../../arm-none-eabi/lib/thumb/v6-m/libm.a(lib_a-k_cos.o)
                              /home/shay/a/ece362/Ac6/SystemWorkbench/plugins/fr.ac6.mcu.externaltools.arm-none.linux64_1.17.0.201812190825/tools/compiler/bin/../lib/gcc/arm-none-eabi/7.3.1/../../../../arm-none-eabi/lib/thumb/v6-m/libm.a(lib_a-s_sin.o) (__kernel_cos)
/home/shay/a/ece362/Ac6/SystemWorkbench/plugins/fr.ac6.mcu.externaltools.arm-none.linux64_1.17.0.201812190825/tools/compiler/bin/../lib/gcc/arm-none-eabi/7.3.1/../../../../arm-none-eabi/lib/thumb/v6-m/libm.a(lib_a-k_rem_pio2.o)
                              /home/shay/a/ece362/Ac6/SystemWorkbench/plugins/fr.ac6.mcu.externaltools.arm-none.linux64_1.17.0.201812190825/tools/compiler/bin/../lib/gcc/arm-none-eabi/7.3.1/../../../../arm-none-eabi/lib/thumb/v6-m/libm.a(lib_a-e_rem_pio2.o) (__kernel_rem_pio2)
/home/shay/a/ece362/Ac6/SystemWorkbench/plugins/fr.ac6.mcu.externaltools.arm-none.linux64_1.17.0.201812190825/tools/compiler/bin/../lib/gcc/arm-none-eabi/7.3.1/../../../../arm-none-eabi/lib/thumb/v6-m/libm.a(lib_a-k_sin.o)
                              /home/shay/a/ece362/Ac6/SystemWorkbench/plugins/fr.ac6.mcu.externaltools.arm-none.linux64_1.17.0.201812190825/tools/compiler/bin/../lib/gcc/arm-none-eabi/7.3.1/../../../../arm-none-eabi/lib/thumb/v6-m/libm.a(lib_a-s_sin.o) (__kernel_sin)
/home/shay/a/ece362/Ac6/SystemWorkbench/plugins/fr.ac6.mcu.externaltools.arm-none.linux64_1.17.0.201812190825/tools/compiler/bin/../lib/gcc/arm-none-eabi/7.3.1/../../../../arm-none-eabi/lib/thumb/v6-m/libm.a(lib_a-s_fabs.o)
                              /home/shay/a/ece362/Ac6/SystemWorkbench/plugins/fr.ac6.mcu.externaltools.arm-none.linux64_1.17.0.201812190825/tools/compiler/bin/../lib/gcc/arm-none-eabi/7.3.1/../../../../arm-none-eabi/lib/thumb/v6-m/libm.a(lib_a-e_pow.o) (fabs)
/home/shay/a/ece362/Ac6/SystemWorkbench/plugins/fr.ac6.mcu.externaltools.arm-none.linux64_1.17.0.201812190825/tools/compiler/bin/../lib/gcc/arm-none-eabi/7.3.1/../../../../arm-none-eabi/lib/thumb/v6-m/libm.a(lib_a-s_finite.o)
                              /home/shay/a/ece362/Ac6/SystemWorkbench/plugins/fr.ac6.mcu.externaltools.arm-none.linux64_1.17.0.201812190825/tools/compiler/bin/../lib/gcc/arm-none-eabi/7.3.1/../../../../arm-none-eabi/lib/thumb/v6-m/libm.a(lib_a-w_pow.o) (finite)
/home/shay/a/ece362/Ac6/SystemWorkbench/plugins/fr.ac6.mcu.externaltools.arm-none.linux64_1.17.0.201812190825/tools/compiler/bin/../lib/gcc/arm-none-eabi/7.3.1/../../../../arm-none-eabi/lib/thumb/v6-m/libm.a(lib_a-s_floor.o)
[...]
Memory Configuration

Name             Origin             Length             Attributes
RAM              0x0000000020000000 0x0000000000008000 xrw
ROM              0x0000000008000000 0x0000000000040000 xr
*default*        0x0000000000000000 0xffffffffffffffff

Linker script and memory map

LOAD /home/shay/a/ece362/Ac6/SystemWorkbench/plugins/fr.ac6.mcu.externaltools.arm-none.linux64_1.17.0.201812190825/tools/compiler/bin/../lib/gcc/arm-none-eabi/7.3.1/thumb/v6-m/crti.o
LOAD /home/shay/a/ece362/Ac6/SystemWorkbench/plugins/fr.ac6.mcu.externaltools.arm-none.linux64_1.17.0.201812190825/tools/compiler/bin/../lib/gcc/arm-none-eabi/7.3.1/thumb/v6-m/crtbegin.o
LOAD /home/shay/a/ece362/Ac6/SystemWorkbench/plugins/fr.ac6.mcu.externaltools.arm-none.linux64_1.17.0.201812190825/tools/compiler/bin/../lib/gcc/arm-none-eabi/7.3.1/../../../../arm-none-eabi/lib/thumb/v6-m/crt0.o
LOAD StdPeriph_Driver/src/stm32f0xx_adc.o
LOAD StdPeriph_Driver/src/stm32f0xx_can.o
LOAD StdPeriph_Driver/src/stm32f0xx_cec.o
LOAD StdPeriph_Driver/src/stm32f0xx_comp.o
LOAD StdPeriph_Driver/src/stm32f0xx_crc.o
LOAD StdPeriph_Driver/src/stm32f0xx_crs.o
LOAD StdPeriph_Driver/src/stm32f0xx_dac.o
LOAD StdPeriph_Driver/src/stm32f0xx_dbgmcu.o
LOAD StdPeriph_Driver/src/stm32f0xx_dma.o
LOAD StdPeriph_Driver/src/stm32f0xx_exti.o
LOAD StdPeriph_Driver/src/stm32f0xx_flash.o
LOAD StdPeriph_Driver/src/stm32f0xx_gpio.o
LOAD StdPeriph_Driver/src/stm32f0xx_i2c.o
LOAD StdPeriph_Driver/src/stm32f0xx_iwdg.o
LOAD StdPeriph_Driver/src/stm32f0xx_misc.o
LOAD StdPeriph_Driver/src/stm32f0xx_pwr.o
LOAD StdPeriph_Driver/src/stm32f0xx_rcc.o
LOAD StdPeriph_Driver/src/stm32f0xx_rtc.o
LOAD StdPeriph_Driver/src/stm32f0xx_spi.o
LOAD StdPeriph_Driver/src/stm32f0xx_syscfg.o
LOAD StdPeriph_Driver/src/stm32f0xx_tim.o
LOAD StdPeriph_Driver/src/stm32f0xx_usart.o
LOAD StdPeriph_Driver/src/stm32f0xx_wwdg.o
LOAD src/BG_GameOver.o
LOAD src/Dire-Dire-Docks.o
LOAD src/GObottomText.o
LOAD src/GOtext.o
LOAD src/Game-Over.o
LOAD src/astroid.o
LOAD src/background.o
LOAD src/ball.o
LOAD src/explosion.o
LOAD src/lcd.o
LOAD src/main.o
LOAD src/midi.o
LOAD src/numbers.o
LOAD src/obstacles.o
LOAD src/rubble_1.o
LOAD src/rubble_2.o
LOAD src/score.o
LOAD src/step.o
LOAD src/support.o
LOAD src/syscalls.o
LOAD src/system_stm32f0xx.o
LOAD src/wavetable.o
LOAD startup/startup_stm32.o
LOAD /home/shay/a/ece362/Ac6/SystemWorkbench/plugins/fr.ac6.mcu.externaltools.arm-none.linux64_1.17.0.201812190825/tools/compiler/bin/../lib/gcc/arm-none-eabi/7.3.1/../../../../arm-none-eabi/lib/thumb/v6-m/libm.a
START GROUP
LOAD /home/shay/a/ece362/Ac6/SystemWorkbench/plugins/fr.ac6.mcu.externaltools.arm-none.linux64_1.17.0.201812190825/tools/compiler/bin/../lib/gcc/arm-none-eabi/7.3.1/thumb/v6-m/libgcc.a
LOAD /home/shay/a/ece362/Ac6/SystemWorkbench/plugins/fr.ac6.mcu.externaltools.arm-none.linux64_1.17.0.201812190825/tools/compiler/bin/../lib/gcc/arm-none-eabi/7.3.1/../../../../arm-none-eabi/lib/thumb/v6-m/libc.a
END GROUP
LOAD /home/shay/a/ece362/Ac6/SystemWorkbench/plugins/fr.ac6.mcu.externaltools.arm-none.linux64_1.17.0.201812190825/tools/compiler/bin/../lib/gcc/arm-none-eabi/7.3.1/thumb/v6-m/crtend.o
LOAD /home/shay/a/ece362/Ac6/SystemWorkbench/plugins/fr.ac6.mcu.externaltools.arm-none.linux64_1.17.0.201812190825/tools/compiler/bin/../lib/gcc/arm-none-eabi/7.3.1/thumb/v6-m/crtn.o
                0x0000000020008000                _estack = 0x20008000
                0x0000000000000000                _Min_Heap_Size = 0x0
                0x0000000000000400                _Min_Stack_Size = 0x400

.isr_vector     0x0000000008000000       0xc0
                0x0000000008000000                . = ALIGN (0x4)
 *(.isr_vector)
 .isr_vector    0x0000000008000000       0xc0 startup/startup_stm32.o
                0x0000000008000000                g_pfnVectors
                0x00000000080000c0                . = ALIGN (0x4)

.text           0x00000000080000c0     0x7dd4
                0x00000000080000c0                . = ALIGN (0x4)
 *(.text)
 .text          0x00000000080000c0       0x48 /home/shay/a/ece362/Ac6/SystemWorkbench/plugins/fr.ac6.mcu.externaltools.arm-none.linux64_1.17.0.201812190825/tools/compiler/bin/../lib/gcc/arm-none-eabi/7.3.1/thumb/v6-m/crtbegin.o
 .text          0x0000000008000108      0x114 /home/shay/a/ece362/Ac6/SystemWorkbench/plugins/fr.ac6.mcu.externaltools.arm-none.linux64_1.17.0.201812190825/tools/compiler/bin/../lib/gcc/arm-none-eabi/7.3.1/thumb/v6-m/libgcc.a(_udivsi3.o)
                0x0000000008000108                __udivsi3
                0x0000000008000108                __aeabi_uidiv
                0x0000000008000214                __aeabi_uidivmod
 .text          0x000000000800021c      0x1d4 /home/shay/a/ece362/Ac6/SystemWorkbench/plugins/fr.ac6.mcu.externaltools.arm-none.linux64_1.17.0.201812190825/tools/compiler/bin/../lib/gcc/arm-none-eabi/7.3.1/thumb/v6-m/libgcc.a(_divsi3.o)
                0x000000000800021c                __aeabi_idiv
                0x000000000800021c                __divsi3
                0x00000000080003e8                __aeabi_idivmod
 .text          0x00000000080003f0        0x4 /home/shay/a/ece362/Ac6/SystemWorkbench/plugins/fr.ac6.mcu.externaltools.arm-none.linux64_1.17.0.201812190825/tools/compiler/bin/../lib/gcc/arm-none-eabi/7.3.1/thumb/v6-m/libgcc.a(_dvmd_tls.o)
                0x00000000080003f0                __aeabi_ldiv0
                0x00000000080003f0                __aeabi_idiv0
 .text          0x00000000080003f4       0x7c /home/shay/a/ece362/Ac6/SystemWorkbench/plugins/fr.ac6.mcu.externaltools.arm-none.linux64_1.17.0.201812190825/tools/compiler/bin/../lib/gcc/arm-none-eabi/7.3.1/thumb/v6-m/libgcc.a(_arm_cmpdf2.o)
                0x00000000080003f4                __aeabi_cdrcmple
                0x0000000008000404                __aeabi_cdcmple
                0x0000000008000404                __aeabi_cdcmpeq
                0x0000000008000414                __aeabi_dcmpeq
                0x0000000008000420                __aeabi_dcmplt
                0x0000000008000434                __aeabi_dcmple
                0x0000000008000448                __aeabi_dcmpgt
                0x000000000800045c                __aeabi_dcmpge
 .text          0x0000000008000470       0x30 /home/shay/a/ece362/Ac6/SystemWorkbench/plugins/fr.ac6.mcu.externaltools.arm-none.linux64_1.17.0.201812190825/tools/compiler/bin/../lib/gcc/arm-none-eabi/7.3.1/thumb/v6-m/libgcc.a(_fixunssfsi.o)
                0x0000000008000470                __aeabi_f2uiz
                0x0000000008000470                __fixunssfsi
 .text          0x00000000080004a0      0x224 /home/shay/a/ece362/Ac6/SystemWorkbench/plugins/fr.ac6.mcu.externaltools.arm-none.linux64_1.17.0.201812190825/tools/compiler/bin/../lib/gcc/arm-none-eabi/7.3.1/thumb/v6-m/libgcc.a(divsf3.o)
                0x00000000080004a0                __aeabi_fdiv
 .text          0x00000000080006c4      0x264 /home/shay/a/ece362/Ac6/SystemWorkbench/plugins/fr.ac6.mcu.externaltools.arm-none.linux64_1.17.0.201812190825/tools/compiler/bin/../lib/gcc/arm-none-eabi/7.3.1/thumb/v6-m/libgcc.a(mulsf3.o)
                0x00000000080006c4                __aeabi_fmul
 .text          0x0000000008000928      0x388 /home/shay/a/ece362/Ac6/SystemWorkbench/plugins/fr.ac6.mcu.externaltools.arm-none.linux64_1.17.0.201812190825/tools/compiler/bin/../lib/gcc/arm-none-eabi/7.3.1/thumb/v6-m/libgcc.a(subsf3.o)
                0x0000000008000928                __aeabi_fsub
 .text          0x0000000008000cb0       0x40 /home/shay/a/ece362/Ac6/SystemWorkbench/plugins/fr.ac6.mcu.externaltools.arm-none.linux64_1.17.0.201812190825/tools/compiler/bin/../lib/gcc/arm-none-eabi/7.3.1/thumb/v6-m/libgcc.a(fixsfsi.o)
                0x0000000008000cb0                __aeabi_f2iz
 .text          0x0000000008000cf0      0x638 /home/shay/a/ece362/Ac6/SystemWorkbench/plugins/fr.ac6.mcu.externaltools.arm-none.linux64_1.17.0.201812190825/tools/compiler/bin/../lib/gcc/arm-none-eabi/7.3.1/thumb/v6-m/libgcc.a(adddf3.o)
                0x0000000008000cf0                __aeabi_dadd
 .text          0x0000000008001328      0x604 /home/shay/a/ece362/Ac6/SystemWorkbench/plugins/fr.ac6.mcu.externaltools.arm-none.linux64_1.17.0.201812190825/tools/compiler/bin/../lib/gcc/arm-none-eabi/7.3.1/thumb/v6-m/libgcc.a(divdf3.o)
                0x0000000008001328                __aeabi_ddiv
 .text          0x000000000800192c       0x78 /home/shay/a/ece362/Ac6/SystemWorkbench/plugins/fr.ac6.mcu.externaltools.arm-none.linux64_1.17.0.201812190825/tools/compiler/bin/../lib/gcc/arm-none-eabi/7.3.1/thumb/v6-m/libgcc.a(eqdf2.o)
                0x000000000800192c                __eqdf2
                0x000000000800192c                __nedf2
 .text          0x00000000080019a4       0xc8 /home/shay/a/ece362/Ac6/SystemWorkbench/plugins/fr.ac6.mcu.externaltools.arm-none.linux64_1.17.0.201812190825/tools/compiler/bin/../lib/gcc/arm-none-eabi/7.3.1/thumb/v6-m/libgcc.a(gedf2.o)
                0x00000000080019a4                __gtdf2
                0x00000000080019a4                __gedf2
 .text          0x0000000008001a6c       0xd0 /home/shay/a/ece362/Ac6/SystemWorkbench/plugins/fr.ac6.mcu.externaltools.arm-none.linux64_1.17.0.201812190825/tools/compiler/bin/../lib/gcc/arm-none-eabi/7.3.1/thumb/v6-m/libgcc.a(ledf2.o)
                0x0000000008001a6c                __ltdf2
                0x0000000008001a6c                __ledf2
 .text          0x0000000008001b3c      0x4e4 /home/shay/a/ece362/Ac6/SystemWorkbench/plugins/fr.ac6.mcu.externaltools.arm-none.linux64_1.17.0.201812190825/tools/compiler/bin/../lib/gcc/arm-none-eabi/7.3.1/thumb/v6-m/libgcc.a(muldf3.o)
                0x0000000008001b3c                __aeabi_dmul
 .text          0x0000000008002020      0x690 /home/shay/a/ece362/Ac6/SystemWorkbench/plugins/fr.ac6.mcu.externaltools.arm-none.linux64_1.17.0.201812190825/tools/compiler/bin/../lib/gcc/arm-none-eabi/7.3.1/thumb/v6-m/libgcc.a(subdf3.o)
                0x0000000008002020                __aeabi_dsub
 .text          0x00000000080026b0       0x38 /home/shay/a/ece362/Ac6/SystemWorkbench/plugins/fr.ac6.mcu.externaltools.arm-none.linux64_1.17.0.201812190825/tools/compiler/bin/../lib/gcc/arm-none-eabi/7.3.1/thumb/v6-m/libgcc.a(unorddf2.o)
                0x00000000080026b0                __aeabi_dcmpun
 .text          0x00000000080026e8       0x6c /home/shay/a/ece362/Ac6/SystemWorkbench/plugins/fr.ac6.mcu.externaltools.arm-none.linux64_1.17.0.201812190825/tools/compiler/bin/../lib/gcc/arm-none-eabi/7.3.1/thumb/v6-m/libgcc.a(fixdfsi.o)
                0x00000000080026e8                __aeabi_d2iz
 .text          0x0000000008002754       0x74 /home/shay/a/ece362/Ac6/SystemWorkbench/plugins/fr.ac6.mcu.externaltools.arm-none.linux64_1.17.0.201812190825/tools/compiler/bin/../lib/gcc/arm-none-eabi/7.3.1/thumb/v6-m/libgcc.a(floatsidf.o)
                0x0000000008002754                __aeabi_i2d
 .text          0x00000000080027c8       0x74 /home/shay/a/ece362/Ac6/SystemWorkbench/plugins/fr.ac6.mcu.externaltools.arm-none.linux64_1.17.0.201812190825/tools/compiler/bin/../lib/gcc/arm-none-eabi/7.3.1/thumb/v6-m/libgcc.a(_arm_cmpsf2.o)
                0x00000000080027c8                __aeabi_cfrcmple
                0x00000000080027d0                __aeabi_cfcmple
                0x00000000080027d0                __aeabi_cfcmpeq
                0x00000000080027e0                __aeabi_fcmpeq
                0x00000000080027ec                __aeabi_fcmplt
                0x0000000008002800                __aeabi_fcmple
                0x0000000008002814                __aeabi_fcmpgt
                0x0000000008002828                __aeabi_fcmpge
 .text          0x000000000800283c       0x3c /home/shay/a/ece362/Ac6/SystemWorkbench/plugins/fr.ac6.mcu.externaltools.arm-none.linux64_1.17.0.201812190825/tools/compiler/bin/../lib/gcc/arm-none-eabi/7.3.1/thumb/v6-m/libgcc.a(_clzsi2.o)
                0x000000000800283c                __clzsi2
 .text          0x0000000008002878       0x50 /home/shay/a/ece362/Ac6/SystemWorkbench/plugins/fr.ac6.mcu.externaltools.arm-none.linux64_1.17.0.201812190825/tools/compiler/bin/../lib/gcc/arm-none-eabi/7.3.1/thumb/v6-m/libgcc.a(eqsf2.o)
                0x0000000008002878                __nesf2
                0x0000000008002878                __eqsf2
 .text          0x00000000080028c8       0x9c /home/shay/a/ece362/Ac6/SystemWorkbench/plugins/fr.ac6.mcu.externaltools.arm-none.linux64_1.17.0.201812190825/tools/compiler/bin/../lib/gcc/arm-none-eabi/7.3.1/thumb/v6-m/libgcc.a(gesf2.o)
                0x00000000080028c8                __gtsf2
                0x00000000080028c8                __gesf2
 .text          0x0000000008002964       0xa0 /home/shay/a/ece362/Ac6/SystemWorkbench/plugins/fr.ac6.mcu.externaltools.arm-none.linux64_1.17.0.201812190825/tools/compiler/bin/../lib/gcc/arm-none-eabi/7.3.1/thumb/v6-m/libgcc.a(lesf2.o)
                0x0000000008002964                __lesf2
                0x0000000008002964                __ltsf2
 .text          0x0000000008002a04       0x54 /home/shay/a/ece362/Ac6/SystemWorkbench/plugins/fr.ac6.mcu.externaltools.arm-none.linux64_1.17.0.201812190825/tools/compiler/bin/../lib/gcc/arm-none-eabi/7.3.1/thumb/v6-m/libgcc.a(_muldi3.o)
                0x0000000008002a04                __aeabi_lmul
                0x0000000008002a04                __muldi3
 *(.text*)
 .text.tft_select
                0x0000000008002a58       0x54 src/lcd.o
 .text.tft_reset
                0x0000000008002aac       0x2c src/lcd.o
 .text.tft_reg_select
                0x0000000008002ad8       0x2c src/lcd.o
 .text.nano_wait
                0x0000000008002b04       0x18 src/lcd.o
 .text.LCD_Reset
                0x0000000008002b1c       0x38 src/lcd.o
                0x0000000008002b1c                LCD_Reset
 .text.LCD_WR_REG
                0x0000000008002b54       0x40 src/lcd.o
                0x0000000008002b54                LCD_WR_REG
 .text.LCD_WR_DATA
                0x0000000008002b94       0x40 src/lcd.o
                0x0000000008002b94                LCD_WR_DATA
 .text.LCD_WriteData16_Prepare
                0x0000000008002bd4       0x2c src/lcd.o
                0x0000000008002bd4                LCD_WriteData16_Prepare
 .text.LCD_WriteData16
                0x0000000008002c00       0x30 src/lcd.o
                0x0000000008002c00                LCD_WriteData16
 .text.LCD_WriteData16_End
                0x0000000008002c30       0x24 src/lcd.o
                0x0000000008002c30                LCD_WriteData16_End
 .text.LCD_WriteReg
                0x0000000008002c54       0x30 src/lcd.o
                0x0000000008002c54                LCD_WriteReg
 .text.LCD_WriteRAM_Prepare
                0x0000000008002c84       0x1c src/lcd.o
                0x0000000008002c84                LCD_WriteRAM_Prepare
 .text.LCD_direction
                0x0000000008002ca0       0xa4 src/lcd.o
                0x0000000008002ca0                LCD_direction
 .text.LCD_Init
                0x0000000008002d44      0x2a4 src/lcd.o
                0x0000000008002d44                LCD_Init
 .text.LCD_Setup
                0x0000000008002fe8       0x38 src/lcd.o
                0x0000000008002fe8                LCD_Setup
 .text.LCD_SetWindow
                0x0000000008003020       0xc0 src/lcd.o
                0x0000000008003020                LCD_SetWindow
 .text.LCD_DrawPicture
                0x00000000080030e0      0x158 src/lcd.o
                0x00000000080030e0                LCD_DrawPicture
 .text.NVIC_EnableIRQ
                0x0000000008003238       0x2c src/main.o
 .text.NVIC_SetPriority
                0x0000000008003264       0xdc src/main.o
 .text.TIM6_DAC_IRQHandler
                0x0000000008003340      0x140 src/main.o
                0x0000000008003340                TIM6_DAC_IRQHandler
 .text.init_dac
                0x0000000008003480       0x70 src/main.o
                0x0000000008003480                init_dac
 .text.init_tim6
                0x00000000080034f0       0x5c src/main.o
                0x00000000080034f0                init_tim6
 .text.note_off
                0x000000000800354c       0xb4 src/main.o
                0x000000000800354c                note_off
 .text.note_on  0x0000000008003600       0xdc src/main.o
                0x0000000008003600                note_on
 .text.set_tempo
                0x00000000080036dc       0x2a src/main.o
                0x00000000080036dc                set_tempo
 .text.TIM2_IRQHandler
                0x0000000008003706       0x22 src/main.o
                0x0000000008003706                TIM2_IRQHandler
 .text.init_tim2
                0x0000000008003728       0x68 src/main.o
                0x0000000008003728                init_tim2
 .text.enable_timer
                0x0000000008003790       0x9c src/main.o
                0x0000000008003790                enable_timer
 .text.startTimer
                0x000000000800382c       0x48 src/main.o
                0x000000000800382c                startTimer
 .text.TIM14_IRQHandler
                0x0000000008003874       0x34 src/main.o
                0x0000000008003874                TIM14_IRQHandler
 .text.init_lcd_spi
                0x00000000080038a8       0xd8 src/main.o
                0x00000000080038a8                init_lcd_spi
 .text.setup_buttons
                0x0000000008003980       0x74 src/main.o
                0x0000000008003980                setup_buttons
 .text.initialize_midi
                0x00000000080039f4       0x24 src/main.o
                0x00000000080039f4                initialize_midi
 .text.main     0x0000000008003a18       0x74 src/main.o
                0x0000000008003a18                main
 .text.stop_song
                0x0000000008003a8c       0xd0 src/main.o
                0x0000000008003a8c                stop_song
 .text.midi_error
                0x0000000008003b5c       0x16 src/midi.o
                0x0000000008003b5c                midi_error
 .text.header_info
                0x0000000008003b72       0x10 src/midi.o
                0x0000000008003b72                header_info
 .text.file_offset_info
                0x0000000008003b82       0x10 src/midi.o
                0x0000000008003b82                file_offset_info
 .text.track_info
                0x0000000008003b92       0x16 src/midi.o
                0x0000000008003b92                track_info
 .text.sysex_info
                0x0000000008003ba8       0x16 src/midi.o
                0x0000000008003ba8                sysex_info
 .text.key_pressure
                0x0000000008003bbe       0x16 src/midi.o
                0x0000000008003bbe                key_pressure
 .text.control_change
                0x0000000008003bd4       0x16 src/midi.o
                0x0000000008003bd4                control_change
 .text.program_change
                0x0000000008003bea       0x14 src/midi.o
                0x0000000008003bea                program_change
 .text.channel_pressure
                0x0000000008003bfe       0x14 src/midi.o
                0x0000000008003bfe                channel_pressure
 .text.pitch_wheel_change
                0x0000000008003c12       0x14 src/midi.o
                0x0000000008003c12                pitch_wheel_change
 .text.text_event
                0x0000000008003c26       0x12 src/midi.o
                0x0000000008003c26                text_event
 .text.copyright_notice
                0x0000000008003c38       0x12 src/midi.o
                0x0000000008003c38                copyright_notice
 .text.track_name
                0x0000000008003c4a       0x12 src/midi.o
                0x0000000008003c4a                track_name
 .text.lyric    0x0000000008003c5c       0x14 src/midi.o
                0x0000000008003c5c                lyric
 .text.marker   0x0000000008003c70       0x14 src/midi.o
                0x0000000008003c70                marker
 .text.end_of_track
                0x0000000008003c84       0x10 src/midi.o
                0x0000000008003c84                end_of_track
 .text.smpte_offset
                0x0000000008003c94       0x16 src/midi.o
                0x0000000008003c94                smpte_offset
 .text.time_signature
                0x0000000008003caa       0x16 src/midi.o
                0x0000000008003caa                time_signature
 .text.key_signature
                0x0000000008003cc0       0x1a src/midi.o
                0x0000000008003cc0                key_signature
 .text.unknown_meta
                0x0000000008003cda       0x16 src/midi.o
                0x0000000008003cda                unknown_meta
 .text.intvar   0x0000000008003cf0       0x3c src/midi.o
                0x0000000008003cf0                intvar
 .text.int1     0x0000000008003d2c       0x2a src/midi.o
                0x0000000008003d2c                int1
 .text.int2     0x0000000008003d56       0x3e src/midi.o
                0x0000000008003d56                int2
 .text.int4     0x0000000008003d94       0x66 src/midi.o
                0x0000000008003d94                int4
 .text.eat      0x0000000008003dfa       0x42 src/midi.o
                0x0000000008003dfa                eat
 .text.midi_event
                0x0000000008003e3c      0x19a src/midi.o
                0x0000000008003e3c                midi_event
 *fill*         0x0000000008003fd6        0x2 
 .text.meta_event
                0x0000000008003fd8      0x17c src/midi.o
                0x0000000008003fd8                meta_event
 .text.sysex_event
                0x0000000008004154       0x64 src/midi.o
                0x0000000008004154                sysex_event
 .text.init_track
                0x00000000080041b8       0x64 src/midi.o
                0x00000000080041b8                init_track
 .text.track_interpret
                0x000000000800421c       0xec src/midi.o
                0x000000000800421c                track_interpret
 .text.midi_play
                0x0000000008004308       0xc4 src/midi.o
                0x0000000008004308                midi_play
 .text.midi_init
                0x00000000080043cc       0xf8 src/midi.o
                0x00000000080043cc                midi_init
 .text.NVIC_SystemReset
                0x00000000080044c4       0x1c src/support.o
 .text.nano_wait
                0x00000000080044e0       0x18 src/support.o
 .text.drive_column
                0x00000000080044f8       0x2c src/support.o
                0x00000000080044f8                drive_column
 .text.read_rows
                0x0000000008004524       0x1c src/support.o
                0x0000000008004524                read_rows
 .text.pic_subset
                0x0000000008004540       0xc6 src/support.o
                0x0000000008004540                pic_subset
 .text.pic_overlay
                0x0000000008004606       0xc8 src/support.o
                0x0000000008004606                pic_overlay
 *fill*         0x00000000080046ce        0x2 
 .text.update2  0x00000000080046d0       0xf4 src/support.o
                0x00000000080046d0                update2
 .text.update2_Explosion
                0x00000000080047c4      0x198 src/support.o
                0x00000000080047c4                update2_Explosion
 .text.update2_Numbers
                0x000000000800495c       0x12 src/support.o
                0x000000000800495c                update2_Numbers
 *fill*         0x000000000800496e        0x2 
 .text.generate_GameOver
                0x0000000008004970      0x500 src/support.o
                0x0000000008004970                generate_GameOver
 .text.update2_rubble
                0x0000000008004e70       0xf0 src/support.o
                0x0000000008004e70                update2_rubble
 .text.move_ball
                0x0000000008004f60      0x174 src/support.o
                0x0000000008004f60                move_ball
 .text.generate_obstacles
                0x00000000080050d4       0x7c src/support.o
                0x00000000080050d4                generate_obstacles
 .text.move_obstacles
                0x0000000008005150      0x264 src/support.o
                0x0000000008005150                move_obstacles
 .text.check_OOB
                0x00000000080053b4       0x6c src/support.o
                0x00000000080053b4                check_OOB
 .text.SystemInit
                0x0000000008005420       0x8c src/system_stm32f0xx.o
                0x0000000008005420                SystemInit
 .text.SetSysClock
                0x00000000080054ac       0xe0 src/system_stm32f0xx.o
 .text.init_wavetable_hybrid2
                0x000000000800558c       0xc0 src/wavetable.o
                0x000000000800558c                init_wavetable_hybrid2
 .text.Reset_Handler
                0x000000000800564c       0x50 startup/startup_stm32.o
                0x000000000800564c                Reset_Handler
 .text.Default_Handler
                0x000000000800569c        0x2 startup/startup_stm32.o
                0x000000000800569c                DMA1_CH4_5_6_7_DMA2_CH3_4_5_IRQHandler
                0x000000000800569c                TIM1_CC_IRQHandler
                0x000000000800569c                TSC_IRQHandler
                0x000000000800569c                HardFault_Handler
                0x000000000800569c                SysTick_Handler
                0x000000000800569c                PVD_IRQHandler
                0x000000000800569c                PendSV_Handler
                0x000000000800569c                NMI_Handler
                0x000000000800569c                I2C1_IRQHandler
                0x000000000800569c                RCC_CRS_IRQHandler
                0x000000000800569c                SPI1_IRQHandler
                0x000000000800569c                EXTI2_3_IRQHandler
                0x000000000800569c                I2C2_IRQHandler
                0x000000000800569c                TIM17_IRQHandler
                0x000000000800569c                CEC_CAN_IRQHandler
                0x000000000800569c                RTC_IRQHandler
                0x000000000800569c                TIM16_IRQHandler
                0x000000000800569c                TIM3_IRQHandler
                0x000000000800569c                EXTI4_15_IRQHandler
                0x000000000800569c                Default_Handler
                0x000000000800569c                DMA1_CH2_3_DMA2_CH1_2_IRQHandler
                0x000000000800569c                TIM7_IRQHandler
                0x000000000800569c                TIM15_IRQHandler
                0x000000000800569c                EXTI0_1_IRQHandler
                0x000000000800569c                USB_IRQHandler
                0x000000000800569c                SPI2_IRQHandler
                0x000000000800569c                DMA1_CH1_IRQHandler
                0x000000000800569c                SVC_Handler
                0x000000000800569c                WWDG_IRQHandler
                0x000000000800569c                ADC_COMP_IRQHandler
                0x000000000800569c                USART2_IRQHandler
                0x000000000800569c                USART3_4_5_6_7_8_IRQHandler
                0x000000000800569c                FLASH_IRQHandler
                0x000000000800569c                USART1_IRQHandler
                0x000000000800569c                TIM1_BRK_UP_TRG_COM_IRQHandler
 *fill*         0x000000000800569e        0x2 
 .text.sin      0x00000000080056a0       0x90 /home/shay/a/ece362/Ac6/SystemWorkbench/plugins/fr.ac6.mcu.externaltools.arm-none.linux64_1.17.0.201812190825/tools/compiler/bin/../lib/gcc/arm-none-eabi/7.3.1/../../../../arm-none-eabi/lib/thumb/v6-m/libm.a(lib_a-s_sin.o)
                0x00000000080056a0                sin
 .text.pow      0x0000000008005730      0x374 /home/shay/a/ece362/Ac6/SystemWorkbench/plugins/fr.ac6.mcu.externaltools.arm-none.linux64_1.17.0.201812190825/tools/compiler/bin/../lib/gcc/arm-none-eabi/7.3.1/../../../../arm-none-eabi/lib/thumb/v6-m/libm.a(lib_a-w_pow.o)
                0x0000000008005730                pow
 .text.__ieee754_pow
                0x0000000008005aa4      0xacc /home/shay/a/ece362/Ac6/SystemWorkbench/plugins/fr.ac6.mcu.externaltools.arm-none.linux64_1.17.0.201812190825/tools/compiler/bin/../lib/gcc/arm-none-eabi/7.3.1/../../../../arm-none-eabi/lib/thumb/v6-m/libm.a(lib_a-e_pow.o)
                0x0000000008005aa4                __ieee754_pow
 .text.__ieee754_rem_pio2
                0x0000000008006570      0x420 /home/shay/a/ece362/Ac6/SystemWorkbench/plugins/fr.ac6.mcu.externaltools.arm-none.linux64_1.17.0.201812190825/tools/compiler/bin/../lib/gcc/arm-none-eabi/7.3.1/../../../../arm-none-eabi/lib/thumb/v6-m/libm.a(lib_a-e_rem_pio2.o)
                0x0000000008006570                __ieee754_rem_pio2
 .text.__ieee754_sqrt
                0x0000000008006990      0x1b0 /home/shay/a/ece362/Ac6/SystemWorkbench/plugins/fr.ac6.mcu.externaltools.arm-none.linux64_1.17.0.201812190825/tools/compiler/bin/../lib/gcc/arm-none-eabi/7.3.1/../../../../arm-none-eabi/lib/thumb/v6-m/libm.a(lib_a-e_sqrt.o)
                0x0000000008006990                __ieee754_sqrt
 .text.__kernel_cos
                0x0000000008006b40      0x234 /home/shay/a/ece362/Ac6/SystemWorkbench/plugins/fr.ac6.mcu.externaltools.arm-none.linux64_1.17.0.201812190825/tools/compiler/bin/../lib/gcc/arm-none-eabi/7.3.1/../../../../arm-none-eabi/lib/thumb/v6-m/libm.a(lib_a-k_cos.o)
                0x0000000008006b40                __kernel_cos
 .text.__kernel_rem_pio2
                0x0000000008006d74      0x8c0 /home/shay/a/ece362/Ac6/SystemWorkbench/plugins/fr.ac6.mcu.externaltools.arm-none.linux64_1.17.0.201812190825/tools/compiler/bin/../lib/gcc/arm-none-eabi/7.3.1/../../../../arm-none-eabi/lib/thumb/v6-m/libm.a(lib_a-k_rem_pio2.o)
                0x0000000008006d74                __kernel_rem_pio2
 .text.__kernel_sin
                0x0000000008007634      0x164 /home/shay/a/ece362/Ac6/SystemWorkbench/plugins/fr.ac6.mcu.externaltools.arm-none.linux64_1.17.0.201812190825/tools/compiler/bin/../lib/gcc/arm-none-eabi/7.3.1/../../../../arm-none-eabi/lib/thumb/v6-m/libm.a(lib_a-k_sin.o)
                0x0000000008007634                __kernel_sin
 .text.fabs     0x0000000008007798        0x8 /home/shay/a/ece362/Ac6/SystemWorkbench/plugins/fr.ac6.mcu.externaltools.arm-none.linux64_1.17.0.201812190825/tools/compiler/bin/../lib/gcc/arm-none-eabi/7.3.1/../../../../arm-none-eabi/lib/thumb/v6-m/libm.a(lib_a-s_fabs.o)
                0x0000000008007798                fabs
 .text.finite   0x00000000080077a0       0x14 /home/shay/a/ece362/Ac6/SystemWorkbench/plugins/fr.ac6.mcu.externaltools.arm-none.linux64_1.17.0.201812190825/tools/compiler/bin/../lib/gcc/arm-none-eabi/7.3.1/../../../../arm-none-eabi/lib/thumb/v6-m/libm.a(lib_a-s_finite.o)
                0x00000000080077a0                finite
 .text.floor    0x00000000080077b4      0x138 /home/shay/a/ece362/Ac6/SystemWorkbench/plugins/fr.ac6.mcu.externaltools.arm-none.linux64_1.17.0.201812190825/tools/compiler/bin/../lib/gcc/arm-none-eabi/7.3.1/../../../../arm-none-eabi/lib/thumb/v6-m/libm.a(lib_a-s_floor.o)
                0x00000000080077b4                floor
 .text.matherr  0x00000000080078ec        0x4 /home/shay/a/ece362/Ac6/SystemWorkbench/plugins/fr.ac6.mcu.externaltools.arm-none.linux64_1.17.0.201812190825/tools/compiler/bin/../lib/gcc/arm-none-eabi/7.3.1/../../../../arm-none-eabi/lib/thumb/v6-m/libm.a(lib_a-s_matherr.o)
                0x00000000080078ec                matherr
 .text.nan      0x00000000080078f0        0xc /home/shay/a/ece362/Ac6/SystemWorkbench/plugins/fr.ac6.mcu.externaltools.arm-none.linux64_1.17.0.201812190825/tools/compiler/bin/../lib/gcc/arm-none-eabi/7.3.1/../../../../arm-none-eabi/lib/thumb/v6-m/libm.a(lib_a-s_nan.o)
                0x00000000080078f0                nan
 .text.rint     0x00000000080078fc      0x120 /home/shay/a/ece362/Ac6/SystemWorkbench/plugins/fr.ac6.mcu.externaltools.arm-none.linux64_1.17.0.201812190825/tools/compiler/bin/../lib/gcc/arm-none-eabi/7.3.1/../../../../arm-none-eabi/lib/thumb/v6-m/libm.a(lib_a-s_rint.o)
                0x00000000080078fc                rint
 .text.scalbn   0x0000000008007a1c       0xd0 /home/shay/a/ece362/Ac6/SystemWorkbench/plugins/fr.ac6.mcu.externaltools.arm-none.linux64_1.17.0.201812190825/tools/compiler/bin/../lib/gcc/arm-none-eabi/7.3.1/../../../../arm-none-eabi/lib/thumb/v6-m/libm.a(lib_a-s_scalbn.o)
                0x0000000008007a1c                scalbn
 .text.copysign
                0x0000000008007aec       0x10 /home/shay/a/ece362/Ac6/SystemWorkbench/plugins/fr.ac6.mcu.externaltools.arm-none.linux64_1.17.0.201812190825/tools/compiler/bin/../lib/gcc/arm-none-eabi/7.3.1/../../../../arm-none-eabi/lib/thumb/v6-m/libm.a(lib_a-s_copysign.o)
                0x0000000008007aec                copysign
 .text.__errno  0x0000000008007afc        0xc /home/shay/a/ece362/Ac6/SystemWorkbench/plugins/fr.ac6.mcu.externaltools.arm-none.linux64_1.17.0.201812190825/tools/compiler/bin/../lib/gcc/arm-none-eabi/7.3.1/../../../../arm-none-eabi/lib/thumb/v6-m/libc.a(lib_a-errno.o)
                0x0000000008007afc                __errno
 .text.__libc_init_array
                0x0000000008007b08       0x48 /home/shay/a/ece362/Ac6/SystemWorkbench/plugins/fr.ac6.mcu.externaltools.arm-none.linux64_1.17.0.201812190825/tools/compiler/bin/../lib/gcc/arm-none-eabi/7.3.1/../../../../arm-none-eabi/lib/thumb/v6-m/libc.a(lib_a-init.o)
                0x0000000008007b08                __libc_init_array
 .text.memset   0x0000000008007b50       0x9c /home/shay/a/ece362/Ac6/SystemWorkbench/plugins/fr.ac6.mcu.externaltools.arm-none.linux64_1.17.0.201812190825/tools/compiler/bin/../lib/gcc/arm-none-eabi/7.3.1/../../../../arm-none-eabi/lib/thumb/v6-m/libc.a(lib_a-memset.o)
                0x0000000008007b50                memset
 .text.srand    0x0000000008007bec       0x14 /home/shay/a/ece362/Ac6/SystemWorkbench/plugins/fr.ac6.mcu.externaltools.arm-none.linux64_1.17.0.201812190825/tools/compiler/bin/../lib/gcc/arm-none-eabi/7.3.1/../../../../arm-none-eabi/lib/thumb/v6-m/libc.a(lib_a-rand.o)
                0x0000000008007bec                srand
 .text.rand     0x0000000008007c00       0x34 /home/shay/a/ece362/Ac6/SystemWorkbench/plugins/fr.ac6.mcu.externaltools.arm-none.linux64_1.17.0.201812190825/tools/compiler/bin/../lib/gcc/arm-none-eabi/7.3.1/../../../../arm-none-eabi/lib/thumb/v6-m/libc.a(lib_a-rand.o)
                0x0000000008007c00                rand
 .text.strlen   0x0000000008007c34       0x64 /home/shay/a/ece362/Ac6/SystemWorkbench/plugins/fr.ac6.mcu.externaltools.arm-none.linux64_1.17.0.201812190825/tools/compiler/bin/../lib/gcc/arm-none-eabi/7.3.1/../../../../arm-none-eabi/lib/thumb/v6-m/libc.a(lib_a-strlen-stub.o)
                0x0000000008007c34                strlen
 .text.strncmp  0x0000000008007c98       0x8c /home/shay/a/ece362/Ac6/SystemWorkbench/plugins/fr.ac6.mcu.externaltools.arm-none.linux64_1.17.0.201812190825/tools/compiler/bin/../lib/gcc/arm-none-eabi/7.3.1/../../../../arm-none-eabi/lib/thumb/v6-m/libc.a(lib_a-strncmp.o)
                0x0000000008007c98                strncmp
 .text.startup.register_fini
                0x0000000008007d24       0x18 /home/shay/a/ece362/Ac6/SystemWorkbench/plugins/fr.ac6.mcu.externaltools.arm-none.linux64_1.17.0.201812190825/tools/compiler/bin/../lib/gcc/arm-none-eabi/7.3.1/../../../../arm-none-eabi/lib/thumb/v6-m/libc.a(lib_a-__call_atexit.o)
 .text.atexit   0x0000000008007d3c       0x10 /home/shay/a/ece362/Ac6/SystemWorkbench/plugins/fr.ac6.mcu.externaltools.arm-none.linux64_1.17.0.201812190825/tools/compiler/bin/../lib/gcc/arm-none-eabi/7.3.1/../../../../arm-none-eabi/lib/thumb/v6-m/libc.a(lib_a-atexit.o)
                0x0000000008007d3c                atexit
 .text.__libc_fini_array
                0x0000000008007d4c       0x34 /home/shay/a/ece362/Ac6/SystemWorkbench/plugins/fr.ac6.mcu.externaltools.arm-none.linux64_1.17.0.201812190825/tools/compiler/bin/../lib/gcc/arm-none-eabi/7.3.1/../../../../arm-none-eabi/lib/thumb/v6-m/libc.a(lib_a-fini.o)
                0x0000000008007d4c                __libc_fini_array
 .text.__retarget_lock_acquire_recursive
                0x0000000008007d80        0x4 /home/shay/a/ece362/Ac6/SystemWorkbench/plugins/fr.ac6.mcu.externaltools.arm-none.linux64_1.17.0.201812190825/tools/compiler/bin/../lib/gcc/arm-none-eabi/7.3.1/../../../../arm-none-eabi/lib/thumb/v6-m/libc.a(lib_a-lock.o)
                0x0000000008007d80                __retarget_lock_acquire_recursive
 .text.__retarget_lock_release_recursive
                0x0000000008007d84        0x4 /home/shay/a/ece362/Ac6/SystemWorkbench/plugins/fr.ac6.mcu.externaltools.arm-none.linux64_1.17.0.201812190825/tools/compiler/bin/../lib/gcc/arm-none-eabi/7.3.1/../../../../arm-none-eabi/lib/thumb/v6-m/libc.a(lib_a-lock.o)
                0x0000000008007d84                __retarget_lock_release_recursive
 .text.__register_exitproc
                0x0000000008007d88       0xf4 /home/shay/a/ece362/Ac6/SystemWorkbench/plugins/fr.ac6.mcu.externaltools.arm-none.linux64_1.17.0.201812190825/tools/compiler/bin/../lib/gcc/arm-none-eabi/7.3.1/../../../../arm-none-eabi/lib/thumb/v6-m/libc.a(lib_a-__atexit.o)
                0x0000000008007d88                __register_exitproc
 *(.glue_7)
 .glue_7        0x0000000008007e7c        0x0 linker stubs
 *(.glue_7t)
 .glue_7t       0x0000000008007e7c        0x0 linker stubs
 *(.eh_frame)
 .eh_frame      0x0000000008007e7c        0x0 /home/shay/a/ece362/Ac6/SystemWorkbench/plugins/fr.ac6.mcu.externaltools.arm-none.linux64_1.17.0.201812190825/tools/compiler/bin/../lib/gcc/arm-none-eabi/7.3.1/thumb/v6-m/crtbegin.o
 *(.init)
 .init          0x0000000008007e7c        0x4 /home/shay/a/ece362/Ac6/SystemWorkbench/plugins/fr.ac6.mcu.externaltools.arm-none.linux64_1.17.0.201812190825/tools/compiler/bin/../lib/gcc/arm-none-eabi/7.3.1/thumb/v6-m/crti.o
                0x0000000008007e7c                _init
 .init          0x0000000008007e80        0x8 /home/shay/a/ece362/Ac6/SystemWorkbench/plugins/fr.ac6.mcu.externaltools.arm-none.linux64_1.17.0.201812190825/tools/compiler/bin/../lib/gcc/arm-none-eabi/7.3.1/thumb/v6-m/crtn.o
 *(.fini)
 .fini          0x0000000008007e88        0x4 /home/shay/a/ece362/Ac6/SystemWorkbench/plugins/fr.ac6.mcu.externaltools.arm-none.linux64_1.17.0.201812190825/tools/compiler/bin/../lib/gcc/arm-none-eabi/7.3.1/thumb/v6-m/crti.o
                0x0000000008007e88                _fini
 .fini          0x0000000008007e8c        0x8 /home/shay/a/ece362/Ac6/SystemWorkbench/plugins/fr.ac6.mcu.externaltools.arm-none.linux64_1.17.0.201812190825/tools/compiler/bin/../lib/gcc/arm-none-eabi/7.3.1/thumb/v6-m/crtn.o
                0x0000000008007e94                . = ALIGN (0x4)
                0x0000000008007e94                _etext = .

.vfp11_veneer   0x0000000008007e94        0x0
 .vfp11_veneer  0x0000000008007e94        0x0 linker stubs

.v4_bx          0x0000000008007e94        0x0
 .v4_bx         0x0000000008007e94        0x0 linker stubs

.iplt           0x0000000008007e94        0x0
 .iplt          0x0000000008007e94        0x0 /home/shay/a/ece362/Ac6/SystemWorkbench/plugins/fr.ac6.mcu.externaltools.arm-none.linux64_1.17.0.201812190825/tools/compiler/bin/../lib/gcc/arm-none-eabi/7.3.1/thumb/v6-m/crtbegin.o

.rodata         0x0000000008007e98    0x35cac
                0x0000000008007e98                . = ALIGN (0x4)
 *(.rodata)
 .rodata        0x0000000008007e98     0x2494 src/Dire-Dire-Docks.o
                0x0000000008007e98                midifile1
 .rodata        0x000000000800a32c     0x16b8 src/GObottomText.o
                0x000000000800a32c                GObottomText
 .rodata        0x000000000800b9e4     0x16b8 src/GOtext.o
                0x000000000800b9e4                GOtext
 .rodata        0x000000000800d09c      0x2e4 src/Game-Over.o
                0x000000000800d09c                midifile2
 .rodata        0x000000000800d380    0x25810 src/background.o
                0x000000000800d380                background
 .rodata        0x0000000008032b90      0x3a8 src/ball.o
                0x0000000008032b90                ball
 .rodata        0x0000000008032f38     0x9610 src/explosion.o
                0x0000000008032f38                explosion
 .rodata        0x000000000803c548      0x1a5 src/midi.o
 *fill*         0x000000000803c6ed        0x3 
 .rodata        0x000000000803c6f0      0x4d4 src/numbers.o
                0x000000000803c6f0                numbers
 .rodata        0x000000000803cbc4      0x330 src/rubble_1.o
                0x000000000803cbc4                rubble1
 .rodata        0x000000000803cef4      0x718 src/score.o
                0x000000000803cef4                scoreText
 .rodata        0x000000000803d60c      0x200 src/step.o
                0x000000000803d60c                step
 .rodata        0x000000000803d80c       0x80 /home/shay/a/ece362/Ac6/SystemWorkbench/plugins/fr.ac6.mcu.externaltools.arm-none.linux64_1.17.0.201812190825/tools/compiler/bin/../lib/gcc/arm-none-eabi/7.3.1/thumb/v6-m/libgcc.a(divsf3.o)
 .rodata        0x000000000803d88c       0x40 /home/shay/a/ece362/Ac6/SystemWorkbench/plugins/fr.ac6.mcu.externaltools.arm-none.linux64_1.17.0.201812190825/tools/compiler/bin/../lib/gcc/arm-none-eabi/7.3.1/thumb/v6-m/libgcc.a(mulsf3.o)
 .rodata        0x000000000803d8cc       0x40 /home/shay/a/ece362/Ac6/SystemWorkbench/plugins/fr.ac6.mcu.externaltools.arm-none.linux64_1.17.0.201812190825/tools/compiler/bin/../lib/gcc/arm-none-eabi/7.3.1/thumb/v6-m/libgcc.a(divdf3.o)
 .rodata        0x000000000803d90c       0x40 /home/shay/a/ece362/Ac6/SystemWorkbench/plugins/fr.ac6.mcu.externaltools.arm-none.linux64_1.17.0.201812190825/tools/compiler/bin/../lib/gcc/arm-none-eabi/7.3.1/thumb/v6-m/libgcc.a(muldf3.o)
 *(.rodata*)
 .rodata.pow.str1.4
                0x000000000803d94c        0x4 /home/shay/a/ece362/Ac6/SystemWorkbench/plugins/fr.ac6.mcu.externaltools.arm-none.linux64_1.17.0.201812190825/tools/compiler/bin/../lib/gcc/arm-none-eabi/7.3.1/../../../../arm-none-eabi/lib/thumb/v6-m/libm.a(lib_a-w_pow.o)
 .rodata.__ieee754_pow.str1.4
                0x000000000803d950        0x4 /home/shay/a/ece362/Ac6/SystemWorkbench/plugins/fr.ac6.mcu.externaltools.arm-none.linux64_1.17.0.201812190825/tools/compiler/bin/../lib/gcc/arm-none-eabi/7.3.1/../../../../arm-none-eabi/lib/thumb/v6-m/libm.a(lib_a-e_pow.o)
                                          0x1 (size before relaxing)
 .rodata.npio2_hw
                0x000000000803d954       0x80 /home/shay/a/ece362/Ac6/SystemWorkbench/plugins/fr.ac6.mcu.externaltools.arm-none.linux64_1.17.0.201812190825/tools/compiler/bin/../lib/gcc/arm-none-eabi/7.3.1/../../../../arm-none-eabi/lib/thumb/v6-m/libm.a(lib_a-e_rem_pio2.o)
 .rodata.two_over_pi
                0x000000000803d9d4      0x108 /home/shay/a/ece362/Ac6/SystemWorkbench/plugins/fr.ac6.mcu.externaltools.arm-none.linux64_1.17.0.201812190825/tools/compiler/bin/../lib/gcc/arm-none-eabi/7.3.1/../../../../arm-none-eabi/lib/thumb/v6-m/libm.a(lib_a-e_rem_pio2.o)
 *fill*         0x000000000803dadc        0x4 
 .rodata.PIo2   0x000000000803dae0       0x40 /home/shay/a/ece362/Ac6/SystemWorkbench/plugins/fr.ac6.mcu.externaltools.arm-none.linux64_1.17.0.201812190825/tools/compiler/bin/../lib/gcc/arm-none-eabi/7.3.1/../../../../arm-none-eabi/lib/thumb/v6-m/libm.a(lib_a-k_rem_pio2.o)
 .rodata.init_jk
                0x000000000803db20       0x10 /home/shay/a/ece362/Ac6/SystemWorkbench/plugins/fr.ac6.mcu.externaltools.arm-none.linux64_1.17.0.201812190825/tools/compiler/bin/../lib/gcc/arm-none-eabi/7.3.1/../../../../arm-none-eabi/lib/thumb/v6-m/libm.a(lib_a-k_rem_pio2.o)
 .rodata.TWO52  0x000000000803db30       0x10 /home/shay/a/ece362/Ac6/SystemWorkbench/plugins/fr.ac6.mcu.externaltools.arm-none.linux64_1.17.0.201812190825/tools/compiler/bin/../lib/gcc/arm-none-eabi/7.3.1/../../../../arm-none-eabi/lib/thumb/v6-m/libm.a(lib_a-s_rint.o)
 .rodata._global_impure_ptr
                0x000000000803db40        0x4 /home/shay/a/ece362/Ac6/SystemWorkbench/plugins/fr.ac6.mcu.externaltools.arm-none.linux64_1.17.0.201812190825/tools/compiler/bin/../lib/gcc/arm-none-eabi/7.3.1/../../../../arm-none-eabi/lib/thumb/v6-m/libc.a(lib_a-impure.o)
                0x000000000803db40                _global_impure_ptr
                0x000000000803db44                . = ALIGN (0x4)

.rel.dyn        0x000000000803db44        0x0
 .rel.iplt      0x000000000803db44        0x0 /home/shay/a/ece362/Ac6/SystemWorkbench/plugins/fr.ac6.mcu.externaltools.arm-none.linux64_1.17.0.201812190825/tools/compiler/bin/../lib/gcc/arm-none-eabi/7.3.1/thumb/v6-m/crtbegin.o

.ARM.extab      0x000000000803db44        0x0
                0x000000000803db44                . = ALIGN (0x4)
 *(.ARM.extab* .gnu.linkonce.armextab.*)
                0x000000000803db44                . = ALIGN (0x4)

.ARM            0x000000000803db44        0x0
                0x000000000803db44                . = ALIGN (0x4)
                0x000000000803db44                __exidx_start = .
 *(.ARM.exidx*)
                0x000000000803db44                __exidx_end = .
                0x000000000803db44                . = ALIGN (0x4)

.preinit_array  0x000000000803db44        0x0
                0x000000000803db44                . = ALIGN (0x4)
                0x000000000803db44                PROVIDE (__preinit_array_start = .)
 *(.preinit_array*)
                0x000000000803db44                PROVIDE (__preinit_array_end = .)
                0x000000000803db44                . = ALIGN (0x4)

.init_array     0x000000000803db44        0x8
                0x000000000803db44                . = ALIGN (0x4)
                0x000000000803db44                PROVIDE (__init_array_start = .)
 *(SORT_BY_NAME(.init_array.*))
 .init_array.00000
                0x000000000803db44        0x4 /home/shay/a/ece362/Ac6/SystemWorkbench/plugins/fr.ac6.mcu.externaltools.arm-none.linux64_1.17.0.201812190825/tools/compiler/bin/../lib/gcc/arm-none-eabi/7.3.1/../../../../arm-none-eabi/lib/thumb/v6-m/libc.a(lib_a-__call_atexit.o)
 *(.init_array*)
 .init_array    0x000000000803db48        0x4 /home/shay/a/ece362/Ac6/SystemWorkbench/plugins/fr.ac6.mcu.externaltools.arm-none.linux64_1.17.0.201812190825/tools/compiler/bin/../lib/gcc/arm-none-eabi/7.3.1/thumb/v6-m/crtbegin.o
                0x000000000803db4c                PROVIDE (__init_array_end = .)
                0x000000000803db4c                . = ALIGN (0x4)

.fini_array     0x000000000803db4c        0x4
                0x000000000803db4c                . = ALIGN (0x4)
                0x000000000803db4c                PROVIDE (__fini_array_start = .)
 *(SORT_BY_NAME(.fini_array.*))
 *(.fini_array*)
 .fini_array    0x000000000803db4c        0x4 /home/shay/a/ece362/Ac6/SystemWorkbench/plugins/fr.ac6.mcu.externaltools.arm-none.linux64_1.17.0.201812190825/tools/compiler/bin/../lib/gcc/arm-none-eabi/7.3.1/thumb/v6-m/crtbegin.o
                0x000000000803db50                PROVIDE (__fini_array_end = .)
                0x000000000803db50                . = ALIGN (0x4)
                0x000000000803db50                _sidata = LOADADDR (.data)

.data           0x0000000020000000      0x454 load address 0x000000000803db50
                0x0000000020000000                . = ALIGN (0x4)
                0x0000000020000000                _sdata = .
 *(.data)
 .data          0x0000000020000000       0x1c src/support.o
                0x0000000020000000                foog
                0x0000000020000004                x_pos
                0x0000000020000008                y_pos
                0x000000002000000c                difficulty
                0x0000000020000010                width
                0x0000000020000014                obj_height
                0x0000000020000018                obj_width
 *(.data*)
 .data.__fdlib_version
                0x000000002000001c        0x1 /home/shay/a/ece362/Ac6/SystemWorkbench/plugins/fr.ac6.mcu.externaltools.arm-none.linux64_1.17.0.201812190825/tools/compiler/bin/../lib/gcc/arm-none-eabi/7.3.1/../../../../arm-none-eabi/lib/thumb/v6-m/libm.a(lib_a-s_lib_ver.o)
                0x000000002000001c                __fdlib_version
 *fill*         0x000000002000001d        0x3 
 .data._impure_ptr
                0x0000000020000020        0x4 /home/shay/a/ece362/Ac6/SystemWorkbench/plugins/fr.ac6.mcu.externaltools.arm-none.linux64_1.17.0.201812190825/tools/compiler/bin/../lib/gcc/arm-none-eabi/7.3.1/../../../../arm-none-eabi/lib/thumb/v6-m/libc.a(lib_a-impure.o)
                0x0000000020000020                _impure_ptr
 *fill*         0x0000000020000024        0x4 
 .data.impure_data
                0x0000000020000028      0x428 /home/shay/a/ece362/Ac6/SystemWorkbench/plugins/fr.ac6.mcu.externaltools.arm-none.linux64_1.17.0.201812190825/tools/compiler/bin/../lib/gcc/arm-none-eabi/7.3.1/../../../../arm-none-eabi/lib/thumb/v6-m/libc.a(lib_a-impure.o)
 .data.__atexit_recursive_mutex
                0x0000000020000450        0x4 /home/shay/a/ece362/Ac6/SystemWorkbench/plugins/fr.ac6.mcu.externaltools.arm-none.linux64_1.17.0.201812190825/tools/compiler/bin/../lib/gcc/arm-none-eabi/7.3.1/../../../../arm-none-eabi/lib/thumb/v6-m/libc.a(lib_a-__call_atexit.o)
                0x0000000020000450                __atexit_recursive_mutex
                0x0000000020000454                . = ALIGN (0x4)
                0x0000000020000454                _edata = .

.igot.plt       0x0000000020000454        0x0 load address 0x000000000803dfa4
 .igot.plt      0x0000000020000454        0x0 /home/shay/a/ece362/Ac6/SystemWorkbench/plugins/fr.ac6.mcu.externaltools.arm-none.linux64_1.17.0.201812190825/tools/compiler/bin/../lib/gcc/arm-none-eabi/7.3.1/thumb/v6-m/crtbegin.o
                0x0000000020000454                . = ALIGN (0x4)

.bss            0x0000000020000454      0xd40 load address 0x000000000803dfa4
                0x0000000020000454                _sbss = .
                0x0000000020000454                __bss_start__ = _sbss
 *(.bss)
 .bss           0x0000000020000454       0x1c /home/shay/a/ece362/Ac6/SystemWorkbench/plugins/fr.ac6.mcu.externaltools.arm-none.linux64_1.17.0.201812190825/tools/compiler/bin/../lib/gcc/arm-none-eabi/7.3.1/thumb/v6-m/crtbegin.o
 .bss           0x0000000020000470      0x2d0 src/midi.o
 .bss           0x0000000020000740       0x14 src/support.o
                0x0000000020000740                dodges
                0x0000000020000744                x_velo
                0x0000000020000748                y_velo
                0x000000002000074c                time
                0x0000000020000750                num_objs
 *(.bss*)
 *(COMMON)
 COMMON         0x0000000020000754       0x1c src/lcd.o
                0x0000000020000754                lcddev
 COMMON         0x0000000020000770      0x118 src/main.o
                0x0000000020000770                voice
                0x0000000020000824                rubble
                0x0000000020000874                ship1
                0x0000000020000884                oob
 COMMON         0x0000000020000888      0x118 src/support.o
                0x0000000020000888                obj
 COMMON         0x00000000200009a0      0x7d0 src/wavetable.o
                0x00000000200009a0                wavetable
 COMMON         0x0000000020001170       0x21 /home/shay/a/ece362/Ac6/SystemWorkbench/plugins/fr.ac6.mcu.externaltools.arm-none.linux64_1.17.0.201812190825/tools/compiler/bin/../lib/gcc/arm-none-eabi/7.3.1/../../../../arm-none-eabi/lib/thumb/v6-m/libc.a(lib_a-lock.o)
                0x0000000020001170                __lock___atexit_recursive_mutex
                0x0000000020001174                __lock___arc4random_mutex
                0x0000000020001178                __lock___env_recursive_mutex
                0x000000002000117c                __lock___sinit_recursive_mutex
                0x0000000020001180                __lock___malloc_recursive_mutex
                0x0000000020001184                __lock___at_quick_exit_mutex
                0x0000000020001188                __lock___dd_hash_mutex
                0x000000002000118c                __lock___tz_mutex
                0x0000000020001190                __lock___sfp_recursive_mutex
                0x0000000020001194                . = ALIGN (0x4)
 *fill*         0x0000000020001191        0x3 
                0x0000000020001194                _ebss = .
                0x0000000020001194                __bss_end__ = _ebss

._user_heap_stack
                0x0000000020001194      0x404 load address 0x000000000803dfa4
                0x0000000020001198                . = ALIGN (0x8)
 *fill*         0x0000000020001194        0x4 
                0x0000000020001198                PROVIDE (end = .)
                [!provide]                        PROVIDE (_end = .)
                0x0000000020001198                . = (. + _Min_Heap_Size)
                0x0000000020001598                . = (. + _Min_Stack_Size)
 *fill*         0x0000000020001198      0x400 
                0x0000000020001598                . = ALIGN (0x8)

/DISCARD/
 libc.a(*)
 libm.a(*)
 libgcc.a(*)

.ARM.attributes
                0x0000000000000000       0x28
 *(.ARM.attributes)
 .ARM.attributes
                0x0000000000000000       0x1e /home/shay/a/ece362/Ac6/SystemWorkbench/plugins/fr.ac6.mcu.externaltools.arm-none.linux64_1.17.0.201812190825/tools/compiler/bin/../lib/gcc/arm-none-eabi/7.3.1/thumb/v6-m/crti.o
 .ARM.attributes
                0x000000000000001e       0x2c /home/shay/a/ece362/Ac6/SystemWorkbench/plugins/fr.ac6.mcu.externaltools.arm-none.linux64_1.17.0.201812190825/tools/compiler/bin/../lib/gcc/arm-none-eabi/7.3.1/thumb/v6-m/crtbegin.o
 .ARM.attributes
                0x000000000000004a       0x31 src/Dire-Dire-Docks.o
 .ARM.attributes
                0x000000000000007b       0x31 src/GObottomText.o
 .ARM.attributes
                0x00000000000000ac       0x31 src/GOtext.o
 .ARM.attributes
                0x00000000000000dd       0x31 src/Game-Over.o
 .ARM.attributes
                0x000000000000010e       0x31 src/background.o
 .ARM.attributes
                0x000000000000013f       0x31 src/ball.o
 .ARM.attributes
                0x0000000000000170       0x31 src/explosion.o
 .ARM.attributes
                0x00000000000001a1       0x31 src/lcd.o
 .ARM.attributes
                0x00000000000001d2       0x31 src/main.o
 .ARM.attributes
                0x0000000000000203       0x31 src/midi.o
 .ARM.attributes
                0x0000000000000234       0x31 src/numbers.o
 .ARM.attributes
                0x0000000000000265       0x31 src/rubble_1.o
 .ARM.attributes
                0x0000000000000296       0x31 src/score.o
 .ARM.attributes
                0x00000000000002c7       0x31 src/step.o
 .ARM.attributes
                0x00000000000002f8       0x31 src/support.o
 .ARM.attributes
                0x0000000000000329       0x31 src/system_stm32f0xx.o
 .ARM.attributes
                0x000000000000035a       0x31 src/wavetable.o
 .ARM.attributes
                0x000000000000038b       0x21 startup/startup_stm32.o
 .ARM.attributes
                0x00000000000003ac       0x2c /home/shay/a/ece362/Ac6/SystemWorkbench/plugins/fr.ac6.mcu.externaltools.arm-none.linux64_1.17.0.201812190825/tools/compiler/bin/../lib/gcc/arm-none-eabi/7.3.1/../../../../arm-none-eabi/lib/thumb/v6-m/libm.a(lib_a-s_sin.o)
 .ARM.attributes
                0x00000000000003d8       0x2c /home/shay/a/ece362/Ac6/SystemWorkbench/plugins/fr.ac6.mcu.externaltools.arm-none.linux64_1.17.0.201812190825/tools/compiler/bin/../lib/gcc/arm-none-eabi/7.3.1/../../../../arm-none-eabi/lib/thumb/v6-m/libm.a(lib_a-w_pow.o)
 .ARM.attributes
                0x0000000000000404       0x2c /home/shay/a/ece362/Ac6/SystemWorkbench/plugins/fr.ac6.mcu.externaltools.arm-none.linux64_1.17.0.201812190825/tools/compiler/bin/../lib/gcc/arm-none-eabi/7.3.1/../../../../arm-none-eabi/lib/thumb/v6-m/libm.a(lib_a-e_pow.o)
 .ARM.attributes
                0x0000000000000430       0x2c /home/shay/a/ece362/Ac6/SystemWorkbench/plugins/fr.ac6.mcu.externaltools.arm-none.linux64_1.17.0.201812190825/tools/compiler/bin/../lib/gcc/arm-none-eabi/7.3.1/../../../../arm-none-eabi/lib/thumb/v6-m/libm.a(lib_a-e_rem_pio2.o)
 .ARM.attributes
                0x000000000000045c       0x2c /home/shay/a/ece362/Ac6/SystemWorkbench/plugins/fr.ac6.mcu.externaltools.arm-none.linux64_1.17.0.201812190825/tools/compiler/bin/../lib/gcc/arm-none-eabi/7.3.1/../../../../arm-none-eabi/lib/thumb/v6-m/libm.a(lib_a-e_sqrt.o)
 .ARM.attributes
                0x0000000000000488       0x2c /home/shay/a/ece362/Ac6/SystemWorkbench/plugins/fr.ac6.mcu.externaltools.arm-none.linux64_1.17.0.201812190825/tools/compiler/bin/../lib/gcc/arm-none-eabi/7.3.1/../../../../arm-none-eabi/lib/thumb/v6-m/libm.a(lib_a-k_cos.o)
 .ARM.attributes
                0x00000000000004b4       0x2c /home/shay/a/ece362/Ac6/SystemWorkbench/plugins/fr.ac6.mcu.externaltools.arm-none.linux64_1.17.0.201812190825/tools/compiler/bin/../lib/gcc/arm-none-eabi/7.3.1/../../../../arm-none-eabi/lib/thumb/v6-m/libm.a(lib_a-k_rem_pio2.o)
 .ARM.attributes
                0x00000000000004e0       0x2c /home/shay/a/ece362/Ac6/SystemWorkbench/plugins/fr.ac6.mcu.externaltools.arm-none.linux64_1.17.0.201812190825/tools/compiler/bin/../lib/gcc/arm-none-eabi/7.3.1/../../../../arm-none-eabi/lib/thumb/v6-m/libm.a(lib_a-k_sin.o)
 .ARM.attributes
                0x000000000000050c       0x2c /home/shay/a/ece362/Ac6/SystemWorkbench/plugins/fr.ac6.mcu.externaltools.arm-none.linux64_1.17.0.201812190825/tools/compiler/bin/../lib/gcc/arm-none-eabi/7.3.1/../../../../arm-none-eabi/lib/thumb/v6-m/libm.a(lib_a-s_fabs.o)
 .ARM.attributes
                0x0000000000000538       0x2c /home/shay/a/ece362/Ac6/SystemWorkbench/plugins/fr.ac6.mcu.externaltools.arm-none.linux64_1.17.0.201812190825/tools/compiler/bin/../lib/gcc/arm-none-eabi/7.3.1/../../../../arm-none-eabi/lib/thumb/v6-m/libm.a(lib_a-s_finite.o)
 .ARM.attributes
                0x0000000000000564       0x2c /home/shay/a/ece362/Ac6/SystemWorkbench/plugins/fr.ac6.mcu.externaltools.arm-none.linux64_1.17.0.201812190825/tools/compiler/bin/../lib/gcc/arm-none-eabi/7.3.1/../../../../arm-none-eabi/lib/thumb/v6-m/libm.a(lib_a-s_floor.o)
 .ARM.attributes
                0x0000000000000590       0x2c /home/shay/a/ece362/Ac6/SystemWorkbench/plugins/fr.ac6.mcu.externaltools.arm-none.linux64_1.17.0.201812190825/tools/compiler/bin/../lib/gcc/arm-none-eabi/7.3.1/../../../../arm-none-eabi/lib/thumb/v6-m/libm.a(lib_a-s_lib_ver.o)
 .ARM.attributes
                0x00000000000005bc       0x2c /home/shay/a/ece362/Ac6/SystemWorkbench/plugins/fr.ac6.mcu.externaltools.arm-none.linux64_1.17.0.201812190825/tools/compiler/bin/../lib/gcc/arm-none-eabi/7.3.1/../../../../arm-none-eabi/lib/thumb/v6-m/libm.a(lib_a-s_matherr.o)
 .ARM.attributes
                0x00000000000005e8       0x2c /home/shay/a/ece362/Ac6/SystemWorkbench/plugins/fr.ac6.mcu.externaltools.arm-none.linux64_1.17.0.201812190825/tools/compiler/bin/../lib/gcc/arm-none-eabi/7.3.1/../../../../arm-none-eabi/lib/thumb/v6-m/libm.a(lib_a-s_nan.o)
 .ARM.attributes
                0x0000000000000614       0x2c /home/shay/a/ece362/Ac6/SystemWorkbench/plugins/fr.ac6.mcu.externaltools.arm-none.linux64_1.17.0.201812190825/tools/compiler/bin/../lib/gcc/arm-none-eabi/7.3.1/../../../../arm-none-eabi/lib/thumb/v6-m/libm.a(lib_a-s_rint.o)
 .ARM.attributes
                0x0000000000000640       0x2c /home/shay/a/ece362/Ac6/SystemWorkbench/plugins/fr.ac6.mcu.externaltools.arm-none.linux64_1.17.0.201812190825/tools/compiler/bin/../lib/gcc/arm-none-eabi/7.3.1/../../../../arm-none-eabi/lib/thumb/v6-m/libm.a(lib_a-s_scalbn.o)
 .ARM.attributes
                0x000000000000066c       0x2c /home/shay/a/ece362/Ac6/SystemWorkbench/plugins/fr.ac6.mcu.externaltools.arm-none.linux64_1.17.0.201812190825/tools/compiler/bin/../lib/gcc/arm-none-eabi/7.3.1/../../../../arm-none-eabi/lib/thumb/v6-m/libm.a(lib_a-s_copysign.o)
 .ARM.attributes
                0x0000000000000698       0x1e /home/shay/a/ece362/Ac6/SystemWorkbench/plugins/fr.ac6.mcu.externaltools.arm-none.linux64_1.17.0.201812190825/tools/compiler/bin/../lib/gcc/arm-none-eabi/7.3.1/thumb/v6-m/libgcc.a(_udivsi3.o)
 .ARM.attributes
                0x00000000000006b6       0x1e /home/shay/a/ece362/Ac6/SystemWorkbench/plugins/fr.ac6.mcu.externaltools.arm-none.linux64_1.17.0.201812190825/tools/compiler/bin/../lib/gcc/arm-none-eabi/7.3.1/thumb/v6-m/libgcc.a(_divsi3.o)
 .ARM.attributes
                0x00000000000006d4       0x1e /home/shay/a/ece362/Ac6/SystemWorkbench/plugins/fr.ac6.mcu.externaltools.arm-none.linux64_1.17.0.201812190825/tools/compiler/bin/../lib/gcc/arm-none-eabi/7.3.1/thumb/v6-m/libgcc.a(_dvmd_tls.o)
 .ARM.attributes
                0x00000000000006f2       0x1e /home/shay/a/ece362/Ac6/SystemWorkbench/plugins/fr.ac6.mcu.externaltools.arm-none.linux64_1.17.0.201812190825/tools/compiler/bin/../lib/gcc/arm-none-eabi/7.3.1/thumb/v6-m/libgcc.a(_arm_cmpdf2.o)
 .ARM.attributes
                0x0000000000000710       0x2c /home/shay/a/ece362/Ac6/SystemWorkbench/plugins/fr.ac6.mcu.externaltools.arm-none.linux64_1.17.0.201812190825/tools/compiler/bin/../lib/gcc/arm-none-eabi/7.3.1/thumb/v6-m/libgcc.a(_fixunssfsi.o)
 .ARM.attributes
                0x000000000000073c       0x2c /home/shay/a/ece362/Ac6/SystemWorkbench/plugins/fr.ac6.mcu.externaltools.arm-none.linux64_1.17.0.201812190825/tools/compiler/bin/../lib/gcc/arm-none-eabi/7.3.1/thumb/v6-m/libgcc.a(divsf3.o)
 .ARM.attributes
                0x0000000000000768       0x2c /home/shay/a/ece362/Ac6/SystemWorkbench/plugins/fr.ac6.mcu.externaltools.arm-none.linux64_1.17.0.201812190825/tools/compiler/bin/../lib/gcc/arm-none-eabi/7.3.1/thumb/v6-m/libgcc.a(mulsf3.o)
 .ARM.attributes
                0x0000000000000794       0x2c /home/shay/a/ece362/Ac6/SystemWorkbench/plugins/fr.ac6.mcu.externaltools.arm-none.linux64_1.17.0.201812190825/tools/compiler/bin/../lib/gcc/arm-none-eabi/7.3.1/thumb/v6-m/libgcc.a(subsf3.o)
 .ARM.attributes
                0x00000000000007c0       0x2c /home/shay/a/ece362/Ac6/SystemWorkbench/plugins/fr.ac6.mcu.externaltools.arm-none.linux64_1.17.0.201812190825/tools/compiler/bin/../lib/gcc/arm-none-eabi/7.3.1/thumb/v6-m/libgcc.a(fixsfsi.o)
 .ARM.attributes
                0x00000000000007ec       0x2c /home/shay/a/ece362/Ac6/SystemWorkbench/plugins/fr.ac6.mcu.externaltools.arm-none.linux64_1.17.0.201812190825/tools/compiler/bin/../lib/gcc/arm-none-eabi/7.3.1/thumb/v6-m/libgcc.a(adddf3.o)
 .ARM.attributes
                0x0000000000000818       0x2c /home/shay/a/ece362/Ac6/SystemWorkbench/plugins/fr.ac6.mcu.externaltools.arm-none.linux64_1.17.0.201812190825/tools/compiler/bin/../lib/gcc/arm-none-eabi/7.3.1/thumb/v6-m/libgcc.a(divdf3.o)
 .ARM.attributes
                0x0000000000000844       0x2c /home/shay/a/ece362/Ac6/SystemWorkbench/plugins/fr.ac6.mcu.externaltools.arm-none.linux64_1.17.0.201812190825/tools/compiler/bin/../lib/gcc/arm-none-eabi/7.3.1/thumb/v6-m/libgcc.a(eqdf2.o)
 .ARM.attributes
                0x0000000000000870       0x2c /home/shay/a/ece362/Ac6/SystemWorkbench/plugins/fr.ac6.mcu.externaltools.arm-none.linux64_1.17.0.201812190825/tools/compiler/bin/../lib/gcc/arm-none-eabi/7.3.1/thumb/v6-m/libgcc.a(gedf2.o)
 .ARM.attributes
                0x000000000000089c       0x2c /home/shay/a/ece362/Ac6/SystemWorkbench/plugins/fr.ac6.mcu.externaltools.arm-none.linux64_1.17.0.201812190825/tools/compiler/bin/../lib/gcc/arm-none-eabi/7.3.1/thumb/v6-m/libgcc.a(ledf2.o)
 .ARM.attributes
                0x00000000000008c8       0x2c /home/shay/a/ece362/Ac6/SystemWorkbench/plugins/fr.ac6.mcu.externaltools.arm-none.linux64_1.17.0.201812190825/tools/compiler/bin/../lib/gcc/arm-none-eabi/7.3.1/thumb/v6-m/libgcc.a(muldf3.o)
 .ARM.attributes
                0x00000000000008f4       0x2c /home/shay/a/ece362/Ac6/SystemWorkbench/plugins/fr.ac6.mcu.externaltools.arm-none.linux64_1.17.0.201812190825/tools/compiler/bin/../lib/gcc/arm-none-eabi/7.3.1/thumb/v6-m/libgcc.a(subdf3.o)
 .ARM.attributes
                0x0000000000000920       0x2c /home/shay/a/ece362/Ac6/SystemWorkbench/plugins/fr.ac6.mcu.externaltools.arm-none.linux64_1.17.0.201812190825/tools/compiler/bin/../lib/gcc/arm-none-eabi/7.3.1/thumb/v6-m/libgcc.a(unorddf2.o)
 .ARM.attributes
                0x000000000000094c       0x2c /home/shay/a/ece362/Ac6/SystemWorkbench/plugins/fr.ac6.mcu.externaltools.arm-none.linux64_1.17.0.201812190825/tools/compiler/bin/../lib/gcc/arm-none-eabi/7.3.1/thumb/v6-m/libgcc.a(fixdfsi.o)
 .ARM.attributes
                0x0000000000000978       0x2c /home/shay/a/ece362/Ac6/SystemWorkbench/plugins/fr.ac6.mcu.externaltools.arm-none.linux64_1.17.0.201812190825/tools/compiler/bin/../lib/gcc/arm-none-eabi/7.3.1/thumb/v6-m/libgcc.a(floatsidf.o)
 .ARM.attributes
                0x00000000000009a4       0x1e /home/shay/a/ece362/Ac6/SystemWorkbench/plugins/fr.ac6.mcu.externaltools.arm-none.linux64_1.17.0.201812190825/tools/compiler/bin/../lib/gcc/arm-none-eabi/7.3.1/thumb/v6-m/libgcc.a(_arm_cmpsf2.o)
 .ARM.attributes
                0x00000000000009c2       0x1e /home/shay/a/ece362/Ac6/SystemWorkbench/plugins/fr.ac6.mcu.externaltools.arm-none.linux64_1.17.0.201812190825/tools/compiler/bin/../lib/gcc/arm-none-eabi/7.3.1/thumb/v6-m/libgcc.a(_clzsi2.o)
 .ARM.attributes
                0x00000000000009e0       0x2c /home/shay/a/ece362/Ac6/SystemWorkbench/plugins/fr.ac6.mcu.externaltools.arm-none.linux64_1.17.0.201812190825/tools/compiler/bin/../lib/gcc/arm-none-eabi/7.3.1/thumb/v6-m/libgcc.a(eqsf2.o)
 .ARM.attributes
                0x0000000000000a0c       0x2c /home/shay/a/ece362/Ac6/SystemWorkbench/plugins/fr.ac6.mcu.externaltools.arm-none.linux64_1.17.0.201812190825/tools/compiler/bin/../lib/gcc/arm-none-eabi/7.3.1/thumb/v6-m/libgcc.a(gesf2.o)
 .ARM.attributes
                0x0000000000000a38       0x2c /home/shay/a/ece362/Ac6/SystemWorkbench/plugins/fr.ac6.mcu.externaltools.arm-none.linux64_1.17.0.201812190825/tools/compiler/bin/../lib/gcc/arm-none-eabi/7.3.1/thumb/v6-m/libgcc.a(lesf2.o)
 .ARM.attributes
                0x0000000000000a64       0x2c /home/shay/a/ece362/Ac6/SystemWorkbench/plugins/fr.ac6.mcu.externaltools.arm-none.linux64_1.17.0.201812190825/tools/compiler/bin/../lib/gcc/arm-none-eabi/7.3.1/../../../../arm-none-eabi/lib/thumb/v6-m/libc.a(lib_a-errno.o)
 .ARM.attributes
                0x0000000000000a90       0x2c /home/shay/a/ece362/Ac6/SystemWorkbench/plugins/fr.ac6.mcu.externaltools.arm-none.linux64_1.17.0.201812190825/tools/compiler/bin/../lib/gcc/arm-none-eabi/7.3.1/../../../../arm-none-eabi/lib/thumb/v6-m/libc.a(lib_a-impure.o)
 .ARM.attributes
                0x0000000000000abc       0x2c /home/shay/a/ece362/Ac6/SystemWorkbench/plugins/fr.ac6.mcu.externaltools.arm-none.linux64_1.17.0.201812190825/tools/compiler/bin/../lib/gcc/arm-none-eabi/7.3.1/../../../../arm-none-eabi/lib/thumb/v6-m/libc.a(lib_a-init.o)
 .ARM.attributes
                0x0000000000000ae8       0x2c /home/shay/a/ece362/Ac6/SystemWorkbench/plugins/fr.ac6.mcu.externaltools.arm-none.linux64_1.17.0.201812190825/tools/compiler/bin/../lib/gcc/arm-none-eabi/7.3.1/../../../../arm-none-eabi/lib/thumb/v6-m/libc.a(lib_a-memset.o)
 .ARM.attributes
                0x0000000000000b14       0x2c /home/shay/a/ece362/Ac6/SystemWorkbench/plugins/fr.ac6.mcu.externaltools.arm-none.linux64_1.17.0.201812190825/tools/compiler/bin/../lib/gcc/arm-none-eabi/7.3.1/../../../../arm-none-eabi/lib/thumb/v6-m/libc.a(lib_a-rand.o)
 .ARM.attributes
                0x0000000000000b40       0x2c /home/shay/a/ece362/Ac6/SystemWorkbench/plugins/fr.ac6.mcu.externaltools.arm-none.linux64_1.17.0.201812190825/tools/compiler/bin/../lib/gcc/arm-none-eabi/7.3.1/../../../../arm-none-eabi/lib/thumb/v6-m/libc.a(lib_a-strlen-stub.o)
 .ARM.attributes
                0x0000000000000b6c       0x2c /home/shay/a/ece362/Ac6/SystemWorkbench/plugins/fr.ac6.mcu.externaltools.arm-none.linux64_1.17.0.201812190825/tools/compiler/bin/../lib/gcc/arm-none-eabi/7.3.1/../../../../arm-none-eabi/lib/thumb/v6-m/libc.a(lib_a-strncmp.o)
 .ARM.attributes
                0x0000000000000b98       0x2c /home/shay/a/ece362/Ac6/SystemWorkbench/plugins/fr.ac6.mcu.externaltools.arm-none.linux64_1.17.0.201812190825/tools/compiler/bin/../lib/gcc/arm-none-eabi/7.3.1/../../../../arm-none-eabi/lib/thumb/v6-m/libc.a(lib_a-__call_atexit.o)
 .ARM.attributes
                0x0000000000000bc4       0x2c /home/shay/a/ece362/Ac6/SystemWorkbench/plugins/fr.ac6.mcu.externaltools.arm-none.linux64_1.17.0.201812190825/tools/compiler/bin/../lib/gcc/arm-none-eabi/7.3.1/../../../../arm-none-eabi/lib/thumb/v6-m/libc.a(lib_a-atexit.o)
 .ARM.attributes
                0x0000000000000bf0       0x2c /home/shay/a/ece362/Ac6/SystemWorkbench/plugins/fr.ac6.mcu.externaltools.arm-none.linux64_1.17.0.201812190825/tools/compiler/bin/../lib/gcc/arm-none-eabi/7.3.1/../../../../arm-none-eabi/lib/thumb/v6-m/libc.a(lib_a-fini.o)
 .ARM.attributes
                0x0000000000000c1c       0x2c /home/shay/a/ece362/Ac6/SystemWorkbench/plugins/fr.ac6.mcu.externaltools.arm-none.linux64_1.17.0.201812190825/tools/compiler/bin/../lib/gcc/arm-none-eabi/7.3.1/../../../../arm-none-eabi/lib/thumb/v6-m/libc.a(lib_a-lock.o)
 .ARM.attributes
                0x0000000000000c48       0x2c /home/shay/a/ece362/Ac6/SystemWorkbench/plugins/fr.ac6.mcu.externaltools.arm-none.linux64_1.17.0.201812190825/tools/compiler/bin/../lib/gcc/arm-none-eabi/7.3.1/../../../../arm-none-eabi/lib/thumb/v6-m/libc.a(lib_a-__atexit.o)
 .ARM.attributes
                0x0000000000000c74       0x2c /home/shay/a/ece362/Ac6/SystemWorkbench/plugins/fr.ac6.mcu.externaltools.arm-none.linux64_1.17.0.201812190825/tools/compiler/bin/../lib/gcc/arm-none-eabi/7.3.1/thumb/v6-m/libgcc.a(_muldi3.o)
 .ARM.attributes
                0x0000000000000ca0       0x1e /home/shay/a/ece362/Ac6/SystemWorkbench/plugins/fr.ac6.mcu.externaltools.arm-none.linux64_1.17.0.201812190825/tools/compiler/bin/../lib/gcc/arm-none-eabi/7.3.1/thumb/v6-m/crtn.o
OUTPUT(MiniProjectFinal3.elf elf32-littlearm)

.debug_info     0x0000000000000000     0x6ea3
 .debug_info    0x0000000000000000       0xaa src/Dire-Dire-Docks.o
 .debug_info    0x00000000000000aa       0x91 src/GObottomText.o
 .debug_info    0x000000000000013b       0x91 src/GOtext.o
 .debug_info    0x00000000000001cc       0xaa src/Game-Over.o
 .debug_info    0x0000000000000276       0x95 src/background.o
 .debug_info    0x000000000000030b       0x91 src/ball.o
 .debug_info    0x000000000000039c       0x91 src/explosion.o
 .debug_info    0x000000000000042d     0x177b src/lcd.o
 .debug_info    0x0000000000001ba8     0x179b src/main.o
 .debug_info    0x0000000000003343     0x14fe src/midi.o
 .debug_info    0x0000000000004841       0x91 src/numbers.o
 .debug_info    0x00000000000048d2       0x91 src/rubble_1.o
 .debug_info    0x0000000000004963       0x91 src/score.o
 .debug_info    0x00000000000049f4       0xa2 src/step.o
 .debug_info    0x0000000000004a96     0x16fd src/support.o
 .debug_info    0x0000000000006193      0x306 src/system_stm32f0xx.o
 .debug_info    0x0000000000006499      0x9e8 src/wavetable.o
 .debug_info    0x0000000000006e81       0x22 startup/startup_stm32.o

.debug_abbrev   0x0000000000000000     0x1569
 .debug_abbrev  0x0000000000000000       0x60 src/Dire-Dire-Docks.o
 .debug_abbrev  0x0000000000000060       0x64 src/GObottomText.o
 .debug_abbrev  0x00000000000000c4       0x64 src/GOtext.o
 .debug_abbrev  0x0000000000000128       0x60 src/Game-Over.o
 .debug_abbrev  0x0000000000000188       0x64 src/background.o
 .debug_abbrev  0x00000000000001ec       0x64 src/ball.o
 .debug_abbrev  0x0000000000000250       0x64 src/explosion.o
 .debug_abbrev  0x00000000000002b4      0x366 src/lcd.o
 .debug_abbrev  0x000000000000061a      0x3a5 src/main.o
 .debug_abbrev  0x00000000000009bf      0x2c5 src/midi.o
 .debug_abbrev  0x0000000000000c84       0x64 src/numbers.o
 .debug_abbrev  0x0000000000000ce8       0x64 src/rubble_1.o
 .debug_abbrev  0x0000000000000d4c       0x64 src/score.o
 .debug_abbrev  0x0000000000000db0       0x6e src/step.o
 .debug_abbrev  0x0000000000000e1e      0x3b1 src/support.o
 .debug_abbrev  0x00000000000011cf      0x15b src/system_stm32f0xx.o
 .debug_abbrev  0x000000000000132a      0x22d src/wavetable.o
 .debug_abbrev  0x0000000000001557       0x12 startup/startup_stm32.o

.debug_aranges  0x0000000000000000      0x558
 .debug_aranges
                0x0000000000000000       0x18 src/Dire-Dire-Docks.o
 .debug_aranges
                0x0000000000000018       0x18 src/GObottomText.o
 .debug_aranges
                0x0000000000000030       0x18 src/GOtext.o
 .debug_aranges
                0x0000000000000048       0x18 src/Game-Over.o
 .debug_aranges
                0x0000000000000060       0x18 src/background.o
 .debug_aranges
                0x0000000000000078       0x18 src/ball.o
 .debug_aranges
                0x0000000000000090       0x18 src/explosion.o
 .debug_aranges
                0x00000000000000a8      0x128 src/lcd.o
 .debug_aranges
                0x00000000000001d0       0xb0 src/main.o
 .debug_aranges
                0x0000000000000280      0x138 src/midi.o
 .debug_aranges
                0x00000000000003b8       0x18 src/numbers.o
 .debug_aranges
                0x00000000000003d0       0x18 src/rubble_1.o
 .debug_aranges
                0x00000000000003e8       0x18 src/score.o
 .debug_aranges
                0x0000000000000400       0x18 src/step.o
 .debug_aranges
                0x0000000000000418       0xa8 src/support.o
 .debug_aranges
                0x00000000000004c0       0x30 src/system_stm32f0xx.o
 .debug_aranges
                0x00000000000004f0       0x40 src/wavetable.o
 .debug_aranges
                0x0000000000000530       0x28 startup/startup_stm32.o

.debug_macro    0x0000000000000000     0x1a86
 .debug_macro   0x0000000000000000       0x63 src/Dire-Dire-Docks.o
 .debug_macro   0x0000000000000063       0x11 src/GObottomText.o
 .debug_macro   0x0000000000000074       0x11 src/GOtext.o
 .debug_macro   0x0000000000000085       0x63 src/Game-Over.o
 .debug_macro   0x00000000000000e8       0x11 src/background.o
 .debug_macro   0x00000000000000f9       0x11 src/ball.o
 .debug_macro   0x000000000000010a       0x11 src/explosion.o
 .debug_macro   0x000000000000011b      0x2aa src/lcd.o
 .debug_macro   0x00000000000003c5       0x18 src/lcd.o
 .debug_macro   0x00000000000003dd       0x5e src/lcd.o
 .debug_macro   0x000000000000043b       0x35 src/lcd.o
 .debug_macro   0x0000000000000470       0x34 src/lcd.o
 .debug_macro   0x00000000000004a4       0x16 src/lcd.o
 .debug_macro   0x00000000000004ba      0x10e src/lcd.o
 .debug_macro   0x00000000000005c8       0x8d src/lcd.o
 .debug_macro   0x0000000000000655       0x58 src/lcd.o
 .debug_macro   0x00000000000006ad       0x1f src/lcd.o
 .debug_macro   0x00000000000006cc       0x43 src/lcd.o
 .debug_macro   0x000000000000070f       0x20 src/lcd.o
 .debug_macro   0x000000000000072f      0x18e src/lcd.o
 .debug_macro   0x00000000000008bd      0x330 src/lcd.o
 .debug_macro   0x0000000000000bed       0x16 src/lcd.o
 .debug_macro   0x0000000000000c03       0x29 src/lcd.o
 .debug_macro   0x0000000000000c2c       0x8e src/lcd.o
 .debug_macro   0x0000000000000cba      0x277 src/main.o
 .debug_macro   0x0000000000000f31       0x10 src/main.o
 .debug_macro   0x0000000000000f41       0x10 src/main.o
 .debug_macro   0x0000000000000f51       0x16 src/main.o
 .debug_macro   0x0000000000000f67      0x139 src/midi.o
 .debug_macro   0x00000000000010a0      0x174 src/midi.o
 .debug_macro   0x0000000000001214       0x10 src/midi.o
 .debug_macro   0x0000000000001224       0x35 src/midi.o
 .debug_macro   0x0000000000001259       0x11 src/numbers.o
 .debug_macro   0x000000000000126a       0x11 src/rubble_1.o
 .debug_macro   0x000000000000127b       0x11 src/score.o
 .debug_macro   0x000000000000128c       0x92 src/step.o
 .debug_macro   0x000000000000131e      0x28c src/support.o
 .debug_macro   0x00000000000015aa       0x94 src/support.o
 .debug_macro   0x000000000000163e      0x1e1 src/support.o
 .debug_macro   0x000000000000181f      0x189 src/system_stm32f0xx.o
 .debug_macro   0x00000000000019a8       0xde src/wavetable.o

.debug_line     0x0000000000000000     0x38a9
 .debug_line    0x0000000000000000      0x308 src/Dire-Dire-Docks.o
 .debug_line    0x0000000000000308       0x36 src/GObottomText.o
 .debug_line    0x000000000000033e       0x30 src/GOtext.o
 .debug_line    0x000000000000036e      0x302 src/Game-Over.o
 .debug_line    0x0000000000000670       0x34 src/background.o
 .debug_line    0x00000000000006a4       0x2e src/ball.o
 .debug_line    0x00000000000006d2       0x33 src/explosion.o
 .debug_line    0x0000000000000705      0xbd4 src/lcd.o
 .debug_line    0x00000000000012d9      0x8fc src/main.o
 .debug_line    0x0000000000001bd5      0x6d1 src/midi.o
 .debug_line    0x00000000000022a6       0x31 src/numbers.o
 .debug_line    0x00000000000022d7       0x32 src/rubble_1.o
 .debug_line    0x0000000000002309       0x2f src/score.o
 .debug_line    0x0000000000002338       0x3c src/step.o
 .debug_line    0x0000000000002374      0xa34 src/support.o
 .debug_line    0x0000000000002da8      0x67d src/system_stm32f0xx.o
 .debug_line    0x0000000000003425      0x408 src/wavetable.o
 .debug_line    0x000000000000382d       0x7c startup/startup_stm32.o

.debug_str      0x0000000000000000    0x4f381
 .debug_str     0x0000000000000000     0x3a0d src/Dire-Dire-Docks.o
                                       0x3b75 (size before relaxing)
 .debug_str     0x0000000000003a0d       0x3e src/GObottomText.o
                                       0x2ca5 (size before relaxing)
 .debug_str     0x0000000000003a4b       0x17 src/GOtext.o
                                       0x2c99 (size before relaxing)
 .debug_str     0x0000000000003a62       0x1d src/Game-Over.o
                                       0x3b6f (size before relaxing)
 .debug_str     0x0000000000003a7f       0x1f src/background.o
                                       0x2ca1 (size before relaxing)
 .debug_str     0x0000000000003a9e        0xe src/ball.o
                                       0x2c95 (size before relaxing)
 .debug_str     0x0000000000003aac       0x1d src/explosion.o
                                       0x2c9f (size before relaxing)
 .debug_str     0x0000000000003ac9    0x4a31f src/lcd.o
                                      0x4dfe1 (size before relaxing)
 .debug_str     0x000000000004dde8      0x50d src/main.o
                                      0x4e18b (size before relaxing)
 .debug_str     0x000000000004e2f5      0x207 src/midi.o
                                       0x6cb2 (size before relaxing)
 .debug_str     0x000000000004e4fc       0x11 src/numbers.o
                                       0x2c9b (size before relaxing)
 .debug_str     0x000000000004e50d       0x12 src/rubble_1.o
                                       0x2c9c (size before relaxing)
 .debug_str     0x000000000004e51f        0xf src/score.o
                                       0x2c9b (size before relaxing)
 .debug_str     0x000000000004e52e      0x23d src/step.o
                                       0x2eda (size before relaxing)
 .debug_str     0x000000000004e76b      0xab3 src/support.o
                                      0x4e7f6 (size before relaxing)
 .debug_str     0x000000000004f21e       0xb8 src/system_stm32f0xx.o
                                      0x4aa9a (size before relaxing)
 .debug_str     0x000000000004f2d6       0x82 src/wavetable.o
                                       0x6819 (size before relaxing)
 .debug_str     0x000000000004f358       0x29 startup/startup_stm32.o
                                         0x60 (size before relaxing)

.comment        0x0000000000000000       0x7f
 .comment       0x0000000000000000       0x7f src/Dire-Dire-Docks.o
                                         0x80 (size before relaxing)
 .comment       0x000000000000007f       0x80 src/GObottomText.o
 .comment       0x000000000000007f       0x80 src/GOtext.o
 .comment       0x000000000000007f       0x80 src/Game-Over.o
 .comment       0x000000000000007f       0x80 src/background.o
 .comment       0x000000000000007f       0x80 src/ball.o
 .comment       0x000000000000007f       0x80 src/explosion.o
 .comment       0x000000000000007f       0x80 src/lcd.o
 .comment       0x000000000000007f       0x80 src/main.o
 .comment       0x000000000000007f       0x80 src/midi.o
 .comment       0x000000000000007f       0x80 src/numbers.o
 .comment       0x000000000000007f       0x80 src/rubble_1.o
 .comment       0x000000000000007f       0x80 src/score.o
 .comment       0x000000000000007f       0x80 src/step.o
 .comment       0x000000000000007f       0x80 src/support.o
 .comment       0x000000000000007f       0x80 src/system_stm32f0xx.o
 .comment       0x000000000000007f       0x80 src/wavetable.o

.debug_ranges   0x0000000000000000      0x478
 .debug_ranges  0x0000000000000000      0x118 src/lcd.o
 .debug_ranges  0x0000000000000118       0xa0 src/main.o
 .debug_ranges  0x00000000000001b8      0x128 src/midi.o
 .debug_ranges  0x00000000000002e0      0x128 src/support.o
 .debug_ranges  0x0000000000000408       0x20 src/system_stm32f0xx.o
 .debug_ranges  0x0000000000000428       0x30 src/wavetable.o
 .debug_ranges  0x0000000000000458       0x20 startup/startup_stm32.o

.debug_frame    0x0000000000000000     0x187c
 .debug_frame   0x0000000000000000      0x46c src/lcd.o
 .debug_frame   0x000000000000046c      0x24c src/main.o
 .debug_frame   0x00000000000006b8      0x494 src/midi.o
 .debug_frame   0x0000000000000b4c      0x25c src/support.o
 .debug_frame   0x0000000000000da8       0x6c src/system_stm32f0xx.o
 .debug_frame   0x0000000000000e14       0xb8 src/wavetable.o
 .debug_frame   0x0000000000000ecc       0x2c /home/shay/a/ece362/Ac6/SystemWorkbench/plugins/fr.ac6.mcu.externaltools.arm-none.linux64_1.17.0.201812190825/tools/compiler/bin/../lib/gcc/arm-none-eabi/7.3.1/../../../../arm-none-eabi/lib/thumb/v6-m/libm.a(lib_a-s_sin.o)
 .debug_frame   0x0000000000000ef8       0x3c /home/shay/a/ece362/Ac6/SystemWorkbench/plugins/fr.ac6.mcu.externaltools.arm-none.linux64_1.17.0.201812190825/tools/compiler/bin/../lib/gcc/arm-none-eabi/7.3.1/../../../../arm-none-eabi/lib/thumb/v6-m/libm.a(lib_a-w_pow.o)
 .debug_frame   0x0000000000000f34       0x3c /home/shay/a/ece362/Ac6/SystemWorkbench/plugins/fr.ac6.mcu.externaltools.arm-none.linux64_1.17.0.201812190825/tools/compiler/bin/../lib/gcc/arm-none-eabi/7.3.1/../../../../arm-none-eabi/lib/thumb/v6-m/libm.a(lib_a-e_pow.o)
 .debug_frame   0x0000000000000f70       0x3c /home/shay/a/ece362/Ac6/SystemWorkbench/plugins/fr.ac6.mcu.externaltools.arm-none.linux64_1.17.0.201812190825/tools/compiler/bin/../lib/gcc/arm-none-eabi/7.3.1/../../../../arm-none-eabi/lib/thumb/v6-m/libm.a(lib_a-e_rem_pio2.o)
 .debug_frame   0x0000000000000fac       0x38 /home/shay/a/ece362/Ac6/SystemWorkbench/plugins/fr.ac6.mcu.externaltools.arm-none.linux64_1.17.0.201812190825/tools/compiler/bin/../lib/gcc/arm-none-eabi/7.3.1/../../../../arm-none-eabi/lib/thumb/v6-m/libm.a(lib_a-e_sqrt.o)
 .debug_frame   0x0000000000000fe4       0x38 /home/shay/a/ece362/Ac6/SystemWorkbench/plugins/fr.ac6.mcu.externaltools.arm-none.linux64_1.17.0.201812190825/tools/compiler/bin/../lib/gcc/arm-none-eabi/7.3.1/../../../../arm-none-eabi/lib/thumb/v6-m/libm.a(lib_a-k_cos.o)
 .debug_frame   0x000000000000101c       0x3c /home/shay/a/ece362/Ac6/SystemWorkbench/plugins/fr.ac6.mcu.externaltools.arm-none.linux64_1.17.0.201812190825/tools/compiler/bin/../lib/gcc/arm-none-eabi/7.3.1/../../../../arm-none-eabi/lib/thumb/v6-m/libm.a(lib_a-k_rem_pio2.o)
 .debug_frame   0x0000000000001058       0x38 /home/shay/a/ece362/Ac6/SystemWorkbench/plugins/fr.ac6.mcu.externaltools.arm-none.linux64_1.17.0.201812190825/tools/compiler/bin/../lib/gcc/arm-none-eabi/7.3.1/../../../../arm-none-eabi/lib/thumb/v6-m/libm.a(lib_a-k_sin.o)
 .debug_frame   0x0000000000001090       0x20 /home/shay/a/ece362/Ac6/SystemWorkbench/plugins/fr.ac6.mcu.externaltools.arm-none.linux64_1.17.0.201812190825/tools/compiler/bin/../lib/gcc/arm-none-eabi/7.3.1/../../../../arm-none-eabi/lib/thumb/v6-m/libm.a(lib_a-s_fabs.o)
 .debug_frame   0x00000000000010b0       0x20 /home/shay/a/ece362/Ac6/SystemWorkbench/plugins/fr.ac6.mcu.externaltools.arm-none.linux64_1.17.0.201812190825/tools/compiler/bin/../lib/gcc/arm-none-eabi/7.3.1/../../../../arm-none-eabi/lib/thumb/v6-m/libm.a(lib_a-s_finite.o)
 .debug_frame   0x00000000000010d0       0x38 /home/shay/a/ece362/Ac6/SystemWorkbench/plugins/fr.ac6.mcu.externaltools.arm-none.linux64_1.17.0.201812190825/tools/compiler/bin/../lib/gcc/arm-none-eabi/7.3.1/../../../../arm-none-eabi/lib/thumb/v6-m/libm.a(lib_a-s_floor.o)
 .debug_frame   0x0000000000001108       0x20 /home/shay/a/ece362/Ac6/SystemWorkbench/plugins/fr.ac6.mcu.externaltools.arm-none.linux64_1.17.0.201812190825/tools/compiler/bin/../lib/gcc/arm-none-eabi/7.3.1/../../../../arm-none-eabi/lib/thumb/v6-m/libm.a(lib_a-s_matherr.o)
 .debug_frame   0x0000000000001128       0x20 /home/shay/a/ece362/Ac6/SystemWorkbench/plugins/fr.ac6.mcu.externaltools.arm-none.linux64_1.17.0.201812190825/tools/compiler/bin/../lib/gcc/arm-none-eabi/7.3.1/../../../../arm-none-eabi/lib/thumb/v6-m/libm.a(lib_a-s_nan.o)
 .debug_frame   0x0000000000001148       0x38 /home/shay/a/ece362/Ac6/SystemWorkbench/plugins/fr.ac6.mcu.externaltools.arm-none.linux64_1.17.0.201812190825/tools/compiler/bin/../lib/gcc/arm-none-eabi/7.3.1/../../../../arm-none-eabi/lib/thumb/v6-m/libm.a(lib_a-s_rint.o)
 .debug_frame   0x0000000000001180       0x2c /home/shay/a/ece362/Ac6/SystemWorkbench/plugins/fr.ac6.mcu.externaltools.arm-none.linux64_1.17.0.201812190825/tools/compiler/bin/../lib/gcc/arm-none-eabi/7.3.1/../../../../arm-none-eabi/lib/thumb/v6-m/libm.a(lib_a-s_scalbn.o)
 .debug_frame   0x00000000000011ac       0x2c /home/shay/a/ece362/Ac6/SystemWorkbench/plugins/fr.ac6.mcu.externaltools.arm-none.linux64_1.17.0.201812190825/tools/compiler/bin/../lib/gcc/arm-none-eabi/7.3.1/../../../../arm-none-eabi/lib/thumb/v6-m/libm.a(lib_a-s_copysign.o)
 .debug_frame   0x00000000000011d8       0x20 /home/shay/a/ece362/Ac6/SystemWorkbench/plugins/fr.ac6.mcu.externaltools.arm-none.linux64_1.17.0.201812190825/tools/compiler/bin/../lib/gcc/arm-none-eabi/7.3.1/thumb/v6-m/libgcc.a(_udivsi3.o)
 .debug_frame   0x00000000000011f8       0x20 /home/shay/a/ece362/Ac6/SystemWorkbench/plugins/fr.ac6.mcu.externaltools.arm-none.linux64_1.17.0.201812190825/tools/compiler/bin/../lib/gcc/arm-none-eabi/7.3.1/thumb/v6-m/libgcc.a(_divsi3.o)
 .debug_frame   0x0000000000001218       0x28 /home/shay/a/ece362/Ac6/SystemWorkbench/plugins/fr.ac6.mcu.externaltools.arm-none.linux64_1.17.0.201812190825/tools/compiler/bin/../lib/gcc/arm-none-eabi/7.3.1/thumb/v6-m/libgcc.a(_fixunssfsi.o)
 .debug_frame   0x0000000000001240       0x3c /home/shay/a/ece362/Ac6/SystemWorkbench/plugins/fr.ac6.mcu.externaltools.arm-none.linux64_1.17.0.201812190825/tools/compiler/bin/../lib/gcc/arm-none-eabi/7.3.1/thumb/v6-m/libgcc.a(divsf3.o)
 .debug_frame   0x000000000000127c       0x3c /home/shay/a/ece362/Ac6/SystemWorkbench/plugins/fr.ac6.mcu.externaltools.arm-none.linux64_1.17.0.201812190825/tools/compiler/bin/../lib/gcc/arm-none-eabi/7.3.1/thumb/v6-m/libgcc.a(mulsf3.o)
 .debug_frame   0x00000000000012b8       0x38 /home/shay/a/ece362/Ac6/SystemWorkbench/plugins/fr.ac6.mcu.externaltools.arm-none.linux64_1.17.0.201812190825/tools/compiler/bin/../lib/gcc/arm-none-eabi/7.3.1/thumb/v6-m/libgcc.a(subsf3.o)
 .debug_frame   0x00000000000012f0       0x20 /home/shay/a/ece362/Ac6/SystemWorkbench/plugins/fr.ac6.mcu.externaltools.arm-none.linux64_1.17.0.201812190825/tools/compiler/bin/../lib/gcc/arm-none-eabi/7.3.1/thumb/v6-m/libgcc.a(fixsfsi.o)
 .debug_frame   0x0000000000001310       0x38 /home/shay/a/ece362/Ac6/SystemWorkbench/plugins/fr.ac6.mcu.externaltools.arm-none.linux64_1.17.0.201812190825/tools/compiler/bin/../lib/gcc/arm-none-eabi/7.3.1/thumb/v6-m/libgcc.a(adddf3.o)
 .debug_frame   0x0000000000001348       0x3c /home/shay/a/ece362/Ac6/SystemWorkbench/plugins/fr.ac6.mcu.externaltools.arm-none.linux64_1.17.0.201812190825/tools/compiler/bin/../lib/gcc/arm-none-eabi/7.3.1/thumb/v6-m/libgcc.a(divdf3.o)
 .debug_frame   0x0000000000001384       0x38 /home/shay/a/ece362/Ac6/SystemWorkbench/plugins/fr.ac6.mcu.externaltools.arm-none.linux64_1.17.0.201812190825/tools/compiler/bin/../lib/gcc/arm-none-eabi/7.3.1/thumb/v6-m/libgcc.a(eqdf2.o)
 .debug_frame   0x00000000000013bc       0x38 /home/shay/a/ece362/Ac6/SystemWorkbench/plugins/fr.ac6.mcu.externaltools.arm-none.linux64_1.17.0.201812190825/tools/compiler/bin/../lib/gcc/arm-none-eabi/7.3.1/thumb/v6-m/libgcc.a(gedf2.o)
 .debug_frame   0x00000000000013f4       0x38 /home/shay/a/ece362/Ac6/SystemWorkbench/plugins/fr.ac6.mcu.externaltools.arm-none.linux64_1.17.0.201812190825/tools/compiler/bin/../lib/gcc/arm-none-eabi/7.3.1/thumb/v6-m/libgcc.a(ledf2.o)
 .debug_frame   0x000000000000142c       0x3c /home/shay/a/ece362/Ac6/SystemWorkbench/plugins/fr.ac6.mcu.externaltools.arm-none.linux64_1.17.0.201812190825/tools/compiler/bin/../lib/gcc/arm-none-eabi/7.3.1/thumb/v6-m/libgcc.a(muldf3.o)
 .debug_frame   0x0000000000001468       0x3c /home/shay/a/ece362/Ac6/SystemWorkbench/plugins/fr.ac6.mcu.externaltools.arm-none.linux64_1.17.0.201812190825/tools/compiler/bin/../lib/gcc/arm-none-eabi/7.3.1/thumb/v6-m/libgcc.a(subdf3.o)
 .debug_frame   0x00000000000014a4       0x2c /home/shay/a/ece362/Ac6/SystemWorkbench/plugins/fr.ac6.mcu.externaltools.arm-none.linux64_1.17.0.201812190825/tools/compiler/bin/../lib/gcc/arm-none-eabi/7.3.1/thumb/v6-m/libgcc.a(unorddf2.o)
 .debug_frame   0x00000000000014d0       0x2c /home/shay/a/ece362/Ac6/SystemWorkbench/plugins/fr.ac6.mcu.externaltools.arm-none.linux64_1.17.0.201812190825/tools/compiler/bin/../lib/gcc/arm-none-eabi/7.3.1/thumb/v6-m/libgcc.a(fixdfsi.o)
 .debug_frame   0x00000000000014fc       0x2c /home/shay/a/ece362/Ac6/SystemWorkbench/plugins/fr.ac6.mcu.externaltools.arm-none.linux64_1.17.0.201812190825/tools/compiler/bin/../lib/gcc/arm-none-eabi/7.3.1/thumb/v6-m/libgcc.a(floatsidf.o)
 .debug_frame   0x0000000000001528       0x2c /home/shay/a/ece362/Ac6/SystemWorkbench/plugins/fr.ac6.mcu.externaltools.arm-none.linux64_1.17.0.201812190825/tools/compiler/bin/../lib/gcc/arm-none-eabi/7.3.1/thumb/v6-m/libgcc.a(eqsf2.o)
 .debug_frame   0x0000000000001554       0x2c /home/shay/a/ece362/Ac6/SystemWorkbench/plugins/fr.ac6.mcu.externaltools.arm-none.linux64_1.17.0.201812190825/tools/compiler/bin/../lib/gcc/arm-none-eabi/7.3.1/thumb/v6-m/libgcc.a(gesf2.o)
 .debug_frame   0x0000000000001580       0x2c /home/shay/a/ece362/Ac6/SystemWorkbench/plugins/fr.ac6.mcu.externaltools.arm-none.linux64_1.17.0.201812190825/tools/compiler/bin/../lib/gcc/arm-none-eabi/7.3.1/thumb/v6-m/libgcc.a(lesf2.o)
 .debug_frame   0x00000000000015ac       0x20 /home/shay/a/ece362/Ac6/SystemWorkbench/plugins/fr.ac6.mcu.externaltools.arm-none.linux64_1.17.0.201812190825/tools/compiler/bin/../lib/gcc/arm-none-eabi/7.3.1/../../../../arm-none-eabi/lib/thumb/v6-m/libc.a(lib_a-errno.o)
 .debug_frame   0x00000000000015cc       0x2c /home/shay/a/ece362/Ac6/SystemWorkbench/plugins/fr.ac6.mcu.externaltools.arm-none.linux64_1.17.0.201812190825/tools/compiler/bin/../lib/gcc/arm-none-eabi/7.3.1/../../../../arm-none-eabi/lib/thumb/v6-m/libc.a(lib_a-init.o)
 .debug_frame   0x00000000000015f8       0x30 /home/shay/a/ece362/Ac6/SystemWorkbench/plugins/fr.ac6.mcu.externaltools.arm-none.linux64_1.17.0.201812190825/tools/compiler/bin/../lib/gcc/arm-none-eabi/7.3.1/../../../../arm-none-eabi/lib/thumb/v6-m/libc.a(lib_a-memset.o)
 .debug_frame   0x0000000000001628       0x38 /home/shay/a/ece362/Ac6/SystemWorkbench/plugins/fr.ac6.mcu.externaltools.arm-none.linux64_1.17.0.201812190825/tools/compiler/bin/../lib/gcc/arm-none-eabi/7.3.1/../../../../arm-none-eabi/lib/thumb/v6-m/libc.a(lib_a-rand.o)
 .debug_frame   0x0000000000001660       0x28 /home/shay/a/ece362/Ac6/SystemWorkbench/plugins/fr.ac6.mcu.externaltools.arm-none.linux64_1.17.0.201812190825/tools/compiler/bin/../lib/gcc/arm-none-eabi/7.3.1/../../../../arm-none-eabi/lib/thumb/v6-m/libc.a(lib_a-strlen-stub.o)
 .debug_frame   0x0000000000001688       0x2c /home/shay/a/ece362/Ac6/SystemWorkbench/plugins/fr.ac6.mcu.externaltools.arm-none.linux64_1.17.0.201812190825/tools/compiler/bin/../lib/gcc/arm-none-eabi/7.3.1/../../../../arm-none-eabi/lib/thumb/v6-m/libc.a(lib_a-strncmp.o)
 .debug_frame   0x00000000000016b4       0x54 /home/shay/a/ece362/Ac6/SystemWorkbench/plugins/fr.ac6.mcu.externaltools.arm-none.linux64_1.17.0.201812190825/tools/compiler/bin/../lib/gcc/arm-none-eabi/7.3.1/../../../../arm-none-eabi/lib/thumb/v6-m/libc.a(lib_a-__call_atexit.o)
 .debug_frame   0x0000000000001708       0x28 /home/shay/a/ece362/Ac6/SystemWorkbench/plugins/fr.ac6.mcu.externaltools.arm-none.linux64_1.17.0.201812190825/tools/compiler/bin/../lib/gcc/arm-none-eabi/7.3.1/../../../../arm-none-eabi/lib/thumb/v6-m/libc.a(lib_a-atexit.o)
 .debug_frame   0x0000000000001730       0x2c /home/shay/a/ece362/Ac6/SystemWorkbench/plugins/fr.ac6.mcu.externaltools.arm-none.linux64_1.17.0.201812190825/tools/compiler/bin/../lib/gcc/arm-none-eabi/7.3.1/../../../../arm-none-eabi/lib/thumb/v6-m/libc.a(lib_a-fini.o)
 .debug_frame   0x000000000000175c       0xb0 /home/shay/a/ece362/Ac6/SystemWorkbench/plugins/fr.ac6.mcu.externaltools.arm-none.linux64_1.17.0.201812190825/tools/compiler/bin/../lib/gcc/arm-none-eabi/7.3.1/../../../../arm-none-eabi/lib/thumb/v6-m/libc.a(lib_a-lock.o)
 .debug_frame   0x000000000000180c       0x3c /home/shay/a/ece362/Ac6/SystemWorkbench/plugins/fr.ac6.mcu.externaltools.arm-none.linux64_1.17.0.201812190825/tools/compiler/bin/../lib/gcc/arm-none-eabi/7.3.1/../../../../arm-none-eabi/lib/thumb/v6-m/libc.a(lib_a-__atexit.o)
 .debug_frame   0x0000000000001848       0x34 /home/shay/a/ece362/Ac6/SystemWorkbench/plugins/fr.ac6.mcu.externaltools.arm-none.linux64_1.17.0.201812190825/tools/compiler/bin/../lib/gcc/arm-none-eabi/7.3.1/thumb/v6-m/libgcc.a(_muldi3.o)